[www.pastnotes82.tk/html/index.html]
[backblue.gif]
[fade.gif]
[index.html]
[themes.googleusercontent.com/images/unnamed4373.jpg]
[1.bp.blogspot.com/images/02_29_96_ vice_president_gore_and_friends_star_lisa_kudrow_release_psa_on_new_way_to_file_taxes_over_the_telephone.jpg]
[www.pastnotes82.tk/images/favicon.ico]
[1.bp.blogspot.com/images/02_29_96_ vice_president_gore_and_friends_star_lisa_kudrow_release_psa_on_new_way_to_file_taxes_over_the_telephone-2.jpg]
[www.pastnotes82.tk/html/lisa-kudow-and-taxes.html]
[1.bp.blogspot.com/images/nanduri - wikipedia-1.jpg]
[1.bp.blogspot.com/images/nanduri - wikipedia-2.jpg]
[1.bp.blogspot.com/images/betsy_davos.png]
[1.bp.blogspot.com/images/betsy_davos-2.png]
[1.bp.blogspot.com/images/descendants.jpeg]
[1.bp.blogspot.com/images/descendants-2.jpeg]
[1.bp.blogspot.com/images/english-1.png]
[1.bp.blogspot.com/images/english-2.png]
[1.bp.blogspot.com/images/gravity.f.delayed]
[blogger.googleusercontent.com/images/avvxseiy88m7u0fjqsahpysvwrhaunzqshxj1e8sjkxdjeuuroek3pbtjbdzc614qnu4wyarqgyzpk83lgew4vv90zateotawvh_tkozaclboseplwfsmm5gyxbdt0ik_cqrjxe94hrl0fc3lc8ymslz9sv2ebqakaqkzmjtsmph-fxheljgqewasan08l9d=s3719]
[blogger.googleusercontent.com/images/avvxseiy88m7u0fjqsahpysvwrhaunzqshxj1e8sjkxdjeuuroek3pbtjbdzc614qnu4wyarqgyzpk83lgew4vv90zateotawvh_tkozaclboseplwfsmm5gyxbdt0ik_cqrjxe94hrl0fc3lc8ymslz9sv2ebqakaqkzmjtsmph-fxheljgqewasan08l9d=w226-h]
[1.bp.blogspot.com/images/gravity-2.jpg]
[1.bp.blogspot.com/images/gravity.jpeg]
[1.bp.blogspot.com/images/gravity-2.jpeg]
[www.pastnotes82.tk/html/regarding-change-of-my-noun.html]
[www.pastnotes82.tk/html/additional-notes.html]
[www.pastnotes82.tk/html/links-to-other-blogs.html]
[www.pastnotes82.tk/html/some-research-articles.html]
[www.pastnotes82.tk/html/links-to-specific-pages.html]
[1.bp.blogspot.com/images/physicists+nail+down+the+%e2%80%98magic+number%e2%80%99+that+shapes+the+universe+_+quanta+magazine-1.jpg]
[1.bp.blogspot.com/images/physicists+nail+down+the+%e2%80%98magic+number%e2%80%99+that+shapes+the+universe+_+quanta+magazine-2.jpg]
[www.pastnotes82.tk/html/about-english-language-and-update.html]
[1.bp.blogspot.com/images/research_politics_and_energy_storage.png]
[1.bp.blogspot.com/images/research_politics_and_energy_storage-2.png]
[1.bp.blogspot.com/images/list_of_countries_by_english-speaking_population_-_wikipedia-1.jpg]
[1.bp.blogspot.com/images/list_of_countries_by_english-speaking_population_-_wikipedia-2.jpg]
[1.bp.blogspot.com/images/list_of_countries_by_english-speaking_population_-_wikipedia-3.jpg]
[1.bp.blogspot.com/images/list_of_countries_by_english-speaking_population_-_wikipedia-4.jpg]
[1.bp.blogspot.com/images/what is the relationship between your conscious mind, and yourself-1.jpg]
[www.pastnotes82.tk/html/pertaining-with-my-participation-with.html]
[1.bp.blogspot.com/images/what is the relationship between your conscious mind, and yourself-2.jpg]
[1.bp.blogspot.com/images/known_known_hyperbola.jpg]
[1.bp.blogspot.com/images/known_known_hyperbola-2.jpg]
[1.bp.blogspot.com/images/peer_review.jpg]
[1.bp.blogspot.com/images/peer_review-2.jpg]
[1.bp.blogspot.com/images/perimeter_of_an_ellipse.jpg]
[1.bp.blogspot.com/images/perimeter_of_an_ellipse-2.jpg]
[1.bp.blogspot.com/images/solar_panels.jpg]
[1.bp.blogspot.com/images/solar_panels-2.jpg]
[1.bp.blogspot.com/images/washington.jpg]
[1.bp.blogspot.com/images/washington-2.jpg]
[1.bp.blogspot.com/images/happy birthday.jpg]
[1.bp.blogspot.com/images/happy birthday-2.jpg]
[www.pastnotes82.tk/html/a-summary-about-elections-2020-anno.html]
[www.pastnotes82.tk/html/a-summary-of-cards-made-for-elections.html]
[www.pastnotes82.tk/images/goog_230403471.32.delayed]
[1.bp.blogspot.com/images/kevin-rudd.jpg]
[1.bp.blogspot.com/images/kevin-rudd-2.jpg]
[1.bp.blogspot.com/images/afghanistan.jpeg]
[1.bp.blogspot.com/images/afghanistan-2.jpeg]
[1.bp.blogspot.com/images/steve_waugh-1.png]
[1.bp.blogspot.com/images/steve_waugh-2.png]
[1.bp.blogspot.com/images/launch_code.png]
[1.bp.blogspot.com/images/launch_code-2.png]
[1.bp.blogspot.com/images/aussie.jpg]
[1.bp.blogspot.com/images/aussie-2.jpg]
[1.bp.blogspot.com/images/character.jpeg]
[1.bp.blogspot.com/images/character-2.jpeg]
[1.bp.blogspot.com/images/tintin_book_title.jpg]
[1.bp.blogspot.com/images/tintin_book_title-2.jpg]
[1.bp.blogspot.com/images/jimmy_carter.jpg]
[1.bp.blogspot.com/images/jimmy_carter-2.jpg]
[1.bp.blogspot.com/images/updated_id_card-1.jpg]
[1.bp.blogspot.com/images/updated_id_card-2.jpg]
[1.bp.blogspot.com/images/knots.jpeg]
[1.bp.blogspot.com/images/knots-2.jpeg]
[1.bp.blogspot.com/images/julia-french.png-1.png]
[1.bp.blogspot.com/images/julia-french.png-2.png]
[1.bp.blogspot.com/images/faith_president jimmy carter.jpg]
[1.bp.blogspot.com/images/faith_president jimmy carter-2.jpg]
[1.bp.blogspot.com/images/clinton_thanksgiving.jpeg]
[1.bp.blogspot.com/images/clinton_thanksgiving-2.jpeg]
[www.pastnotes82.tk/html/some-documents.html]
[www.pastnotes82.tk/html/notes-about-on-consciousness.html]
[1.bp.blogspot.com/images/quantum-time-travel-butterfly-effect.gif]
[1.bp.blogspot.com/images/quantum-time-travel-butterfly-effect-2.gif]
[1.bp.blogspot.com/images/charade_movieposter.jpg]
[www.pastnotes82.tk/html/on-poincareconjecture-has-been.html]
[1.bp.blogspot.com/images/charade_movieposter-2.jpg]
[1.bp.blogspot.com/images/torus_560.jpg]
[1.bp.blogspot.com/images/torus_560-2.jpg]
[1.bp.blogspot.com/images/angela merkel.png]
[1.bp.blogspot.com/images/angela merkel-2.png]
[1.bp.blogspot.com/images/about_time_and_neutrinos.5a.delayed]
[1.bp.blogspot.com/images/about_time_and_neutrinos-2.jpg]
[blogger.googleusercontent.com/images/avvxsehqpgiwcktpydmezcp13cduo66d02ed11awv0ijkrzy0x215yoh0q_o_-sygm-b-8xu9-tomuhc63m5sr4qfrfz-ofan5bd4a8yafel4g74ruk8meedio06xs-zz1c_e3zborol2gfrii4mrhyszu31qptmht9hstgr6dpvb1jwfqei-tpadbbcytxk=s2013]
[1.bp.blogspot.com/images/perimeter_of_an_ellipse-3.jpg]
[www.pastnotes82.tk/html/on-scientific-fundamentals.html]
[1.bp.blogspot.com/images/perimeter_of_an_ellipse-4.jpg]
[www.pastnotes82.tk/html/on-oxygen-intake-and-healthy-life.html]
[blogger.googleusercontent.com/images/avvxsegorkbkimbe_sti_3y-xyi2avyuhitriidcrwirixtbokylampmfypcfq-fbz-qgo43dltu4g-nmddhxvnijvlaafqltvxxwlpsxgtiqipqnsh3t2czjwkn5bz-0gdoat5k6mzlji8hbbapycmwerfgmsswpo3ococ7eledwvrtyayxr7fr4ri2vqo3=s3106]
[1.bp.blogspot.com/images/book_cover.69.delayed]
[blogger.googleusercontent.com/images/avvxsegorkbkimbe_sti_3y-xyi2avyuhitriidcrwirixtbokylampmfypcfq-fbz-qgo43dltu4g-nmddhxvnijvlaafqltvxxwlpsxgtiqipqnsh3t2czjwkn5bz-0gdoat5k6mzlji8hbbapycmwerfgmsswpo3ococ7eledwvrtyayxr7fr4ri2vqo3=w65-h2]
[blogger.googleusercontent.com/images/avvxseiphwzv1zbhyckbeg4ly1k-hat28rqtff5d1ai9jfqhtslrcljd1fwaggs6ppmnasy2bt2ihyayvshaqzxyms9xqgsyq-adpbbjdzt-dqmawr17psueispvvsd84j_kv03clw1lkdbgevi03vgrwgzphgxficsgktjryppanf4lfkyxqyvxmlg0_lzz=s562.6]
[1.bp.blogspot.com/images/book_cover-2.jpg]
[blogger.googleusercontent.com/images/avvxseiphwzv1zbhyckbeg4ly1k-hat28rqtff5d1ai9jfqhtslrcljd1fwaggs6ppmnasy2bt2ihyayvshaqzxyms9xqgsyq-adpbbjdzt-dqmawr17psueispvvsd84j_kv03clw1lkdbgevi03vgrwgzphgxficsgktjryppanf4lfkyxqyvxmlg0_lzz=w114-h]
[blogger.googleusercontent.com/images/avvxseiegwnluo4mty2r3nogjw8bvfjtl7vou155ske8jtwu0mgr50mv06kiffcymt_njwlisaxtxrzx4fdmk2l-hozolyf17pdbrurfzacoxod4h-husreldiljlboqucpyprhxl40nltfl9cz12yr6ewrlsxpsfch48vqvfwwdqqibxsg6rreobo9yp_cv=s808.6]
[1.bp.blogspot.com/images/author_jenny.jpg]
[blogger.googleusercontent.com/images/avvxseiegwnluo4mty2r3nogjw8bvfjtl7vou155ske8jtwu0mgr50mv06kiffcymt_njwlisaxtxrzx4fdmk2l-hozolyf17pdbrurfzacoxod4h-husreldiljlboqucpyprhxl40nltfl9cz12yr6ewrlsxpsfch48vqvfwwdqqibxsg6rreobo9yp_cv=w200-h]
[1.bp.blogspot.com/images/author_jenny-2.jpg]
[blogger.googleusercontent.com/images/avvxseizrlcqbbcqdv80tdxct78n7g2htes8bry3pijimyh8aqg3g9y9_30tfuehmz04n0a8gdbvecs9tymynzgszqcs5ffa3e43ydn1qnyyl4fty2g0v9nz7g3vrz_knkotmfhigwfzt708wpt23bqngw6rbvznrgfzfn7gecrntnygct_jwtz65wn1c2p6=s2013]
[blogger.googleusercontent.com/images/avvxseizrlcqbbcqdv80tdxct78n7g2htes8bry3pijimyh8aqg3g9y9_30tfuehmz04n0a8gdbvecs9tymynzgszqcs5ffa3e43ydn1qnyyl4fty2g0v9nz7g3vrz_knkotmfhigwfzt708wpt23bqngw6rbvznrgfzfn7gecrntnygct_jwtz65wn1c2p6=w108-h]
[www.pastnotes82.tk/html/a-few-notes-about-consci.html]
[blogger.googleusercontent.com/images/avvxsehfdxdntdr6wslwzjoos4v7a0sn0h1psymfemibbs17eiusomw0xzpqhx7axj_khkqvehc7ew5zxxf_tbnnv0guj_gowycvn87kss5hxxly_valxihzk3ypb5j4ayfa2jbs2mwslfckdy_anj9qpfomyismv90o8hnkskwurtodza2oobbcam64ulgh=s458.6]
[blogger.googleusercontent.com/images/avvxsehfdxdntdr6wslwzjoos4v7a0sn0h1psymfemibbs17eiusomw0xzpqhx7axj_khkqvehc7ew5zxxf_tbnnv0guj_gowycvn87kss5hxxly_valxihzk3ypb5j4ayfa2jbs2mwslfckdy_anj9qpfomyismv90o8hnkskwurtodza2oobbcam64ulgh=w400-h]
[1.bp.blogspot.com/images/florence_nightingale_(h_hering_npg_x82368).jpg]
[1.bp.blogspot.com/images/florence_nightingale_(h_hering_npg_x82368)-2.jpg]
[www.pastnotes82.tk/html/regarding-my-promdate.html]
[www.pastnotes82.tk/html/index.html]
[www.pastnotes82.tk/html/lisa-kudow-and-taxes.html]
[www.pastnotes82.tk/html/search6f6c.html]
[1.bp.blogspot.com/images/you_name_it__like_lots_of_other_indians-1.jpg]
[1.bp.blogspot.com/images/you_name_it__like_lots_of_other_indians-2.jpg]
[1.bp.blogspot.com/images/show_some_sensitivity-1.jpg]
[1.bp.blogspot.com/images/show_some_sensitivity-2.jpg]
[1.bp.blogspot.com/images/linux_mascot_1.jpg]
[1.bp.blogspot.com/images/linux_mascot_1-2.jpg]
[1.bp.blogspot.com/images/paul_graham-1.jpg]
[1.bp.blogspot.com/images/paul_graham-2.jpg]
[1.bp.blogspot.com/images/letsmake-1.jpg]
[1.bp.blogspot.com/images/letsmake-2.jpg]
[1.bp.blogspot.com/images/pres_jimmy_carter.jpg]
[1.bp.blogspot.com/images/pres_jimmy_carter-2.jpg]
[1.bp.blogspot.com/images/pres_jimmy_carter.jpeg]
[1.bp.blogspot.com/images/pres_jimmy_carter-2.jpeg]
[1.bp.blogspot.com/images/ikea.png]
[1.bp.blogspot.com/images/ikea-2.png]
[1.bp.blogspot.com/images/katy_perry_roar_the_end.jpg]
[1.bp.blogspot.com/images/katy_perry_roar_the_end-2.jpg]
[www.pastnotes82.tk/html/regarding-change-of-my-noun.html]
[www.pastnotes82.tk/html/notes-about-my-school-project.html]
[www.pastnotes82.tk/html/learning-french-at-ratna-junior-college.html]
[www.pastnotes82.tk/html/about-my-btech-thesis.html]
[www.pastnotes82.tk/html/documenting-my-gap-year-participation.html]
[www.pastnotes82.tk/html/a-eulogy-involving-practising-atheist.html]
[www.pastnotes82.tk/html/regarding-family-and-television.html]
[www.pastnotes82.tk/html/about-gravitational-lensing.html]
[www.pastnotes82.tk/html/list-of-secular-and-helpful-websites.html]
[www.pastnotes82.tk/html/regarding-policy.html]
[www.pastnotes82.tk/html/some-research-notes-involving.html]
[www.pastnotes82.tk/html/additional-notes.html]
[www.pastnotes82.tk/html/links-to-other-blogs.html]
[www.pastnotes82.tk/html/notes-on-progress-by-government.html]
[1.bp.blogspot.com/images/_tortured phrases_ give away fabricated research papers.jpg_;filename_=utf-8''%e2%80%98tortured%20phrases%e2%80%99%20give%20away%20fabricated%20research%20papers.jpg]
[1.bp.blogspot.com/images/_tortured phrases_ give away fabricated research papers.jpg_;filename_=utf-8''%e2%80%98tortured%20phrases%e2%80%99%20give%20away%20fabricated%20research%20papers-2.jpg]
[www.pastnotes82.tk/html/my-research-contribution.html]
[1.bp.blogspot.com/images/online-1-res.jpg]
[1.bp.blogspot.com/images/online-1-res-2.jpg]
[1.bp.blogspot.com/images/online-2-res.jpg]
[1.bp.blogspot.com/images/online-2-res-2.jpg]
[1.bp.blogspot.com/images/online-3-res.jpg]
[1.bp.blogspot.com/images/online-3-res-2.jpg]
[www.pastnotes82.tk/html/some-research-articles.html]
[www.pastnotes82.tk/html/links-to-specific-pages.html]
[www.pastnotes82.tk/html/about-english-language-and-update.html]
[blogger.googleusercontent.com/images/avvxseirn4hqscrswcq18od89xovjw49vuze_u5zc34tmi1mw6mv_jaljicz-5w5iejyolfsxc8v5q3d6_o4fgi80b6dmcuhwcpxyiw4iw0whaa5jz9cxlqvwpnp6ysfssllpkomu-idpthxppn0zt2qkbbfpf23568-gmmmkkmobozihpivgjewzu0zu-ic=s2580]
[blogger.googleusercontent.com/images/avvxseirn4hqscrswcq18od89xovjw49vuze_u5zc34tmi1mw6mv_jaljicz-5w5iejyolfsxc8v5q3d6_o4fgi80b6dmcuhwcpxyiw4iw0whaa5jz9cxlqvwpnp6ysfssllpkomu-idpthxppn0zt2qkbbfpf23568-gmmmkkmobozihpivgjewzu0zu-ic=s320.9]
[blogger.googleusercontent.com/images/avvxsej6ltrnjl8mxzziyhh4qkgxqrflzt5olyacsfuiqivtsy0y0cuftb5vaakhroc1vruc6-n4g1cbypknujqogshhx0mo3ipb8mhnnfy9nqkznp6s97mkwq__loofnrv9fgggih4aejfuhlsncbazrw9fbnnonrqd3ixdlha1jveugovtr7hvnabwyfi1=s2643]
[blogger.googleusercontent.com/images/avvxsej6ltrnjl8mxzziyhh4qkgxqrflzt5olyacsfuiqivtsy0y0cuftb5vaakhroc1vruc6-n4g1cbypknujqogshhx0mo3ipb8mhnnfy9nqkznp6s97mkwq__loofnrv9fgggih4aejfuhlsncbazrw9fbnnonrqd3ixdlha1jveugovtr7hvnabwyfi1=s320.9]
[1.bp.blogspot.com/images/gregor+mendel.a6.delayed]
[blogger.googleusercontent.com/images/avvxsejjh6ppwl_dk-fmh-f1ckqeij8ezkjmbsfidbqbe8xymnbfdz0rfhpljl3k-b1gxauzpirc4nles6ce1i5wudzm_wotovy4_-hf2gywtdkhpbvffh5o8wchqppzmwdixyknhluqywy2ktklkcqt7um0kzll9z-jqz94jdjr1us9hf5pitsxy0jjon6u=s2048]
[1.bp.blogspot.com/images/gregor mendel-2.jpeg]
[1.bp.blogspot.com/images/1950-barbara-bush-george-hw-bush-texas-1523905795.jpg]
[1.bp.blogspot.com/images/1950-barbara-bush-george-hw-bush-texas-1523905796.jpg]
[1.bp.blogspot.com/images/jane__goodall.jpeg]
[blogger.googleusercontent.com/images/avvxsejjh6ppwl_dk-fmh-f1ckqeij8ezkjmbsfidbqbe8xymnbfdz0rfhpljl3k-b1gxauzpirc4nles6ce1i5wudzm_wotovy4_-hf2gywtdkhpbvffh5o8wchqppzmwdixyknhluqywy2ktklkcqt7um0kzll9z-jqz94jdjr1us9hf5pitsxy0jjon6u=w148-h]
[1.bp.blogspot.com/images/jane__goodall.ab.delayed]
[1.bp.blogspot.com/images/melinda_gates-1.ac.delayed]
[blogger.googleusercontent.com/images/avvxseixgegzfy8-pxwekxn5698iykf4wrtqyshlev0n6t1nq-dnzkfhrjzsc8pwegg7qrd4ht-y1a-rsbpdm61ocwknhdk5idug3_qu_ecqptcwwmlnwyshzrenvb9lgxofo6jieyiavrqgjft336mo8mkji65n6_m-1u5wpqat1c_lmkr57rtmwppe8lbr=s2048]
[blogger.googleusercontent.com/images/avvxseixgegzfy8-pxwekxn5698iykf4wrtqyshlev0n6t1nq-dnzkfhrjzsc8pwegg7qrd4ht-y1a-rsbpdm61ocwknhdk5idug3_qu_ecqptcwwmlnwyshzrenvb9lgxofo6jieyiavrqgjft336mo8mkji65n6_m-1u5wpqat1c_lmkr57rtmwppe8lbr=w148-h]
[1.bp.blogspot.com/images/melinda_gates-2.jpg]
[1.bp.blogspot.com/images/billgates-1.jpg]
[1.bp.blogspot.com/images/billgates-2.jpg]
[1.bp.blogspot.com/images/english-1.b0.delayed]
[blogger.googleusercontent.com/images/avvxseio2axrnijykyax3hunpg8xgsb05fboduhbzdamlkmwku6p8hvtjhwkp5ba4sqsl_ho3t8oubhbvtaczmshlhakmqcvoz8rwvr26dxedha8lzhdtk-z1xjyhjy1uw7ajisi5-o6bnnfhvrzvzotp5t4kulm_jzp5kknufbfgng23cj8gl7z94j4rkce=s2048]
[blogger.googleusercontent.com/images/avvxseio2axrnijykyax3hunpg8xgsb05fboduhbzdamlkmwku6p8hvtjhwkp5ba4sqsl_ho3t8oubhbvtaczmshlhakmqcvoz8rwvr26dxedha8lzhdtk-z1xjyhjy1uw7ajisi5-o6bnnfhvrzvzotp5t4kulm_jzp5kknufbfgng23cj8gl7z94j4rkce=w148-h]
[blogger.googleusercontent.com/images/avvxsehjldcr3bmgajyh6aln7dx6nxcejvmrb2pxcixroskargnyogbd0p-lygvgdz14d-m04invtbyk2czi3cbnuckwplcigdz3rmvzx-mrzuteopc9ouwvidw6-nzehatxo76rg2knpakw3wsh8tj-zu8jwqgtlukov6mdur4hsgcjtrn4zft6tqdd1xfb=s2048]
[1.bp.blogspot.com/images/english-4.png]
[1.bp.blogspot.com/images/haslam_and_montrose_2015.png]
[1.bp.blogspot.com/images/haslam_and_montrose_2015-2.png]
[1.bp.blogspot.com/images/mathematician measures the repulsive force within polynomials _ quanta magazine-2.jpg]
[1.bp.blogspot.com/images/mathematician measures the repulsive force within polynomials _ quanta magazine-1.jpg]
[1.bp.blogspot.com/images/mathematician measures the repulsive force within polynomials _ quanta magazine-3.jpg]
[1.bp.blogspot.com/images/mathematician measures the repulsive force within polynomials _ quanta magazine-4.jpg]
[blogger.googleusercontent.com/images/avvxsehjldcr3bmgajyh6aln7dx6nxcejvmrb2pxcixroskargnyogbd0p-lygvgdz14d-m04invtbyk2czi3cbnuckwplcigdz3rmvzx-mrzuteopc9ouwvidw6-nzehatxo76rg2knpakw3wsh8tj-zu8jwqgtlukov6mdur4hsgcjtrn4zft6tqdd1xfb=w148-h]
[blogger.googleusercontent.com/images/avvxseheskbkfza8pyzi3elmxpvgu2llgtg3x6z8ret7bo2kuxnkluettpe0ms9enzclj_fpbn3emxkrwrqxjjmh3y1kmc6ov_cmquyv9ndh2cywnxqqjkl1d_kd2zzktvcesoobllg0jq6gk4t-cshadv0zz5eallqrckhvra_zzyunva7drjcjkjamsmio=w148-h]
[blogger.googleusercontent.com/images/avvxseheskbkfza8pyzi3elmxpvgu2llgtg3x6z8ret7bo2kuxnkluettpe0ms9enzclj_fpbn3emxkrwrqxjjmh3y1kmc6ov_cmquyv9ndh2cywnxqqjkl1d_kd2zzktvcesoobllg0jq6gk4t-cshadv0zz5eallqrckhvra_zzyunva7drjcjkjamsmio=s2048]
[1.bp.blogspot.com/images/mathematician measures the repulsive force within polynomials _ quanta magazine-5.jpg]
[blogger.googleusercontent.com/images/avvxseibhqt39x9-dvxuudr7cjbxyzfl5rufoyon_jzaurn3d554bjscxicy7d7g-uoqtdwivw1mfs8hq6cwcsmpzjau71mztc1gzvmbhtrvddlpd8iqua8bh6rop4p-zvkrxzbjwmtebqdgxq_gc53uz7jtmezjomlkciszoafau2wzl8e8klso_jbz-_pv=s3719]
[1.bp.blogspot.com/images/raise_hand-1.jpg]
[blogger.googleusercontent.com/images/avvxseibhqt39x9-dvxuudr7cjbxyzfl5rufoyon_jzaurn3d554bjscxicy7d7g-uoqtdwivw1mfs8hq6cwcsmpzjau71mztc1gzvmbhtrvddlpd8iqua8bh6rop4p-zvkrxzbjwmtebqdgxq_gc53uz7jtmezjomlkciszoafau2wzl8e8klso_jbz-_pv=s320.b]
[1.bp.blogspot.com/images/raise_hand-2.jpg]
[1.bp.blogspot.com/images/square_root.jpg]
[1.bp.blogspot.com/images/square_root-2.jpg]
[1.bp.blogspot.com/images/angie_tribeca-1.jpg]
[1.bp.blogspot.com/images/angie_tribeca-2.jpg]
[1.bp.blogspot.com/images/pythagorean_theorem.jpg]
[1.bp.blogspot.com/images/pythagorean_theorem-2.jpg]
[1.bp.blogspot.com/images/political_strategy-1.jpg]
[1.bp.blogspot.com/images/political_strategy-2.jpg]
[1.bp.blogspot.com/images/large.jpg]
[1.bp.blogspot.com/images/large-2.jpg]
[1.bp.blogspot.com/images/the_truth_about_getting_fit.jpg]
[1.bp.blogspot.com/images/the_truth_about_getting_fit-2.jpg]
[blogger.googleusercontent.com/images/4 - oc_globalhappiness_main-1.jpg]
[blogger.googleusercontent.com/images/4 - oc_globalhappiness_main-2.jpg]
[blogger.googleusercontent.com/images/part1.jpg]
[blogger.googleusercontent.com/images/part1-2.jpg]
[blogger.googleusercontent.com/images/part2.jpg]
[blogger.googleusercontent.com/images/part2-2.jpg]
[blogger.googleusercontent.com/images/part3.jpg]
[www.pastnotes82.tk/html/pertaining-with-my-participation-with.html]
[blogger.googleusercontent.com/images/part3-2.jpg]
[www.pastnotes82.tk/images/goog_230403471.d1.delayed]
[www.pastnotes82.tk/html/a-summary-about-elections-2020-anno.html]
[1.bp.blogspot.com/images/4birthday card 2020-1.png]
[1.bp.blogspot.com/images/4birthday card 2020-2.png]
[1.bp.blogspot.com/images/florence.png]
[1.bp.blogspot.com/images/florence-2.png]
[1.bp.blogspot.com/images/electric_car-1.png]
[1.bp.blogspot.com/images/electric_car-2.png]
[1.bp.blogspot.com/images/hillclinton.jpeg]
[1.bp.blogspot.com/images/hillclinton-2.jpeg]
[1.bp.blogspot.com/images/rclinton.jpeg]
[1.bp.blogspot.com/images/rclinton-2.jpeg]
[1.bp.blogspot.com/images/towelday-1.png]
[1.bp.blogspot.com/images/towelday-2.png]
[1.bp.blogspot.com/images/pi_day_2020.png]
[1.bp.blogspot.com/images/pi_day_2020-2.png]
[1.bp.blogspot.com/images/politics.jpeg]
[1.bp.blogspot.com/images/politics-2.jpeg]
[1.bp.blogspot.com/images/lisa_randall-1.jpg]
[1.bp.blogspot.com/images/lisa_randall-2.jpg]
[1.bp.blogspot.com/images/tulsi_gabbard.jpg]
[1.bp.blogspot.com/images/tulsi_gabbard-2.jpg]
[1.bp.blogspot.com/images/the burning monk, 1963.jpg]
[1.bp.blogspot.com/images/the burning monk, 1963-2.jpg]
[1.bp.blogspot.com/images/james.jpg]
[1.bp.blogspot.com/images/james-2.jpg]
[1.bp.blogspot.com/images/500daysofsummer.jpeg]
[1.bp.blogspot.com/images/500daysofsummer-2.jpeg]
[1.bp.blogspot.com/images/afghanistan-3.jpeg]
[1.bp.blogspot.com/images/afghanistan-4.jpeg]
[1.bp.blogspot.com/images/ann_romney-1.png]
[1.bp.blogspot.com/images/ann_romney-2.png]
[1.bp.blogspot.com/images/kevin-rudd-3.jpg]
[1.bp.blogspot.com/images/kevin-rudd-4.jpg]
[1.bp.blogspot.com/images/hillary_grammy-1.png]
[1.bp.blogspot.com/images/hillary_grammy-2.png]
[1.bp.blogspot.com/images/newbest.jpg]
[www.pastnotes82.tk/html/a-summary-of-cards-made-for-elections.html]
[1.bp.blogspot.com/images/newbest-2.jpg]
[www.pastnotes82.tk/html/goog_230403471.html]
[1.bp.blogspot.com/images/ausmap.jpg]
[1.bp.blogspot.com/images/ausmap-2.jpg]
[1.bp.blogspot.com/images/australia_maps.jpg]
[1.bp.blogspot.com/images/australia_maps-2.jpg]
[1.bp.blogspot.com/images/gpe_ctry.jpg]
[1.bp.blogspot.com/images/gpe_ctry-2.jpg]
[1.bp.blogspot.com/images/non_beliefs.png]
[1.bp.blogspot.com/images/non_beliefs-2.png]
[1.bp.blogspot.com/images/screencapture-theconversation-a-brief-history-of-black-holes-107298.jpg]
[1.bp.blogspot.com/images/screencapture-theconversation-a-brief-history-of-black-holes-107299.jpg]
[1.bp.blogspot.com/images/the reluctant father of black holes - scientific american-1.jpg]
[1.bp.blogspot.com/images/the reluctant father of black holes - scientific american-2.jpg]
[1.bp.blogspot.com/images/the reluctant father of black holes - scientific american-3.jpg]
[1.bp.blogspot.com/images/the reluctant father of black holes - scientific american-4.jpg]
[1.bp.blogspot.com/images/the reluctant father of black holes - scientific american-5.jpg]
[1.bp.blogspot.com/images/the reluctant father of black holes - scientific american-6.jpg]
[www.pastnotes82.tk/html/some-documents.html]
[www.pastnotes82.tk/html/notes-about-on-consciousness.html]
[www.pastnotes82.tk/html/on-poincareconjecture-has-been.html]
[www.pastnotes82.tk/html/on-scientific-fundamentals.html]
[www.pastnotes82.tk/html/on-oxygen-intake-and-healthy-life.html]
[1.bp.blogspot.com/images/bare-naked_philosophy___psychology_today.jpg]
[1.bp.blogspot.com/images/bare-naked_philosophy___psychology_today-2.jpg]
[1.bp.blogspot.com/images/new_50-1.jpg]
[www.pastnotes82.tk/html/regarding-basilisk-in-basel-switzerland.html]
[1.bp.blogspot.com/images/new_50-2.jpg]
[1.bp.blogspot.com/images/feynman-1.jpg]
[1.bp.blogspot.com/images/feynman-2.jpg]
[1.bp.blogspot.com/images/poster-1.jpg]
[1.bp.blogspot.com/images/poster-2.jpg]
[1.bp.blogspot.com/images/shame-1.jpg]
[1.bp.blogspot.com/images/shame-2.jpg]
[1.bp.blogspot.com/images/prime_numbers.jpeg]
[1.bp.blogspot.com/images/prime_numbers-2.jpeg]
[1.bp.blogspot.com/images/hyperbolic_and_circular_functions.jpeg]
[1.bp.blogspot.com/images/hyperbolic_and_circular_functions-2.jpeg]
[1.bp.blogspot.com/images/pythagoras_theorem.jpeg]
[1.bp.blogspot.com/images/pythagoras_theorem-2.jpeg]
[www.pastnotes82.tk/html/a-few-notes-about-consci.html]
[1.bp.blogspot.com/images/bill_and_hill.jpg]
[1.bp.blogspot.com/images/bill_and_hill-2.jpg]
[1.bp.blogspot.com/images/hillary-clinton-katy-perry.jpg]
[1.bp.blogspot.com/images/hillary-clinton-katy-perry-2.jpg]
[1.bp.blogspot.com/images/hillary_email.png]
[1.bp.blogspot.com/images/hillary_email-2.png]
[1.bp.blogspot.com/images/forrest_gump_melinda.jpg]
[1.bp.blogspot.com/images/forrest_gump_melinda-2.jpg]
[1.bp.blogspot.com/images/president_james.jpg]
[1.bp.blogspot.com/images/president_james-2.jpg]
[1.bp.blogspot.com/images/hector.jpeg]
[1.bp.blogspot.com/images/hector-2.jpeg]
[1.bp.blogspot.com/images/innovation.jpeg]
[1.bp.blogspot.com/images/innovation-2.jpeg]
[1.bp.blogspot.com/images/lakshmi-sudha-mangipudi.jpg]
[1.bp.blogspot.com/images/lakshmi-sudha-mangipudi-2.jpg]
[1.bp.blogspot.com/images/nanduri-orig.jpg]
[1.bp.blogspot.com/images/suryaprabha-kona.jpg]
[1.bp.blogspot.com/images/suryaprabha-kona-2.jpg]
[1.bp.blogspot.com/images/4231166-3x2-940x627.jpg]
[1.bp.blogspot.com/images/4231166-3x2-940x627-2.jpg]
[1.bp.blogspot.com/images/trotskyist-julia-gillard.jpg]
[1.bp.blogspot.com/images/trotskyist-julia-gillard-2.jpg]
[1.bp.blogspot.com/images/qelizabeth.jpg]
[1.bp.blogspot.com/images/qelizabeth-2.jpg]
[1.bp.blogspot.com/images/gandhisonia05052007.jpg]
[1.bp.blogspot.com/images/gandhisonia05052007-2.jpg]
[1.bp.blogspot.com/images/sonia-2.png]
[1.bp.blogspot.com/images/sonia-3.png]
[1.bp.blogspot.com/images/sonia-1.png]
[1.bp.blogspot.com/images/sonia-4.png]
[1.bp.blogspot.com/images/methodologist_church.jpeg]
[1.bp.blogspot.com/images/methodologist_church-2.jpeg]
[1.bp.blogspot.com/images/jg_20.jpeg]
[1.bp.blogspot.com/images/jg_20-2.jpeg]
[1.bp.blogspot.com/images/screen1.jpg]
[1.bp.blogspot.com/images/screen1-2.jpg]
[1.bp.blogspot.com/images/screen_the_beginning.jpg]
[1.bp.blogspot.com/images/screen_the_beginning-2.jpg]
[1.bp.blogspot.com/images/queen-1-760x506.jpg]
[1.bp.blogspot.com/images/queen-1-760x506-2.jpg]
[1.bp.blogspot.com/images/screen_jesus_christ.jpg]
[1.bp.blogspot.com/images/screen_jesus_christ-2.jpg]
[1.bp.blogspot.com/images/some_math.jpeg]
[1.bp.blogspot.com/images/some_math-2.jpeg]
[1.bp.blogspot.com/images/one.jpeg]
[1.bp.blogspot.com/images/one-2.jpeg]
[1.bp.blogspot.com/images/two.jpeg]
[1.bp.blogspot.com/images/two-2.jpeg]
[1.bp.blogspot.com/images/torus_560-3.jpg]
[1.bp.blogspot.com/images/torus_560-4.jpg]
[1.bp.blogspot.com/images/170120-barbara-george-hw-bush-01.jpg]
[1.bp.blogspot.com/images/170120-barbara-george-hw-bush-2.jpg]
[1.bp.blogspot.com/images/horse_ghw_bush.jpg]
[1.bp.blogspot.com/images/horse_ghw_bush-2.jpg]
[1.bp.blogspot.com/images/emma_thompson_junior.jpg]
[1.bp.blogspot.com/images/emma_thompson_junior-2.jpg]
[www.pastnotes82.tk/html/geometric-series-proof-of-convergence.html]
[www.pastnotes82.tk/html/regarding-my-promdate.html]
[www.pastnotes82.tk/html/searchc54b.html]
[1.bp.blogspot.com/images/euler_gdr_stamp.jpg]
[1.bp.blogspot.com/images/euler_gdr_stamp-2.jpg]
[1.bp.blogspot.com/images/some_math-3.jpeg]
[1.bp.blogspot.com/images/some_math-4.jpeg]
[www.pastnotes82.tk/html/my-notes.html]
[1.bp.blogspot.com/images/qoctonions.jpeg]
[1.bp.blogspot.com/images/qoctonions-2.jpeg]
[www.pastnotes82.tk/html/hello-hope-you-are-doing-well-to-julia.html]
[3.bp.blogspot.com/images/my_humble_pi.jpeg]
[3.bp.blogspot.com/images/my_humble_pi-2.jpeg]
[1.bp.blogspot.com/images/28743427-hillary.jpg]
[www.pastnotes82.tk/html/scientific-american-article-social.html]
[1.bp.blogspot.com/images/28743427-hillary-2.jpg]
[1.bp.blogspot.com/images/bill_and_hill_in_a_village.jpg]
[1.bp.blogspot.com/images/bill_and_hill_in_a_village-2.jpg]
[1.bp.blogspot.com/images/julia_gillard.jpg]
[1.bp.blogspot.com/images/julia_gillard-2.jpg]
[2.bp.blogspot.com/images/jenny.jpg]
[2.bp.blogspot.com/images/jenny-2.jpg]
[www.pastnotes82.tk/html/about-funding.html]
[1.bp.blogspot.com/images/science__the_gold_standar_of_truth-1.jpg]
[1.bp.blogspot.com/images/science__the_gold_standar_of_truth-2.jpg]
[3.bp.blogspot.com/images/julia gillard and rihanna.jpeg]
[3.bp.blogspot.com/images/julia gillard and rihanna-2.jpeg]
[2.bp.blogspot.com/images/1500x500.jpeg]
[2.bp.blogspot.com/images/1500x500-2.jpeg]
[2.bp.blogspot.com/images/reagan.jpeg]
[2.bp.blogspot.com/images/reagan-2.jpeg]
[4.bp.blogspot.com/images/jimmy.jpeg]
[4.bp.blogspot.com/images/jimmy-2.jpeg]
[4.bp.blogspot.com/images/tulsi_gabbard.jpeg]
[4.bp.blogspot.com/images/tulsi_gabbard-2.jpeg]
[www.pastnotes82.tk/html/regarding-family.html]
[1.bp.blogspot.com/images/g h w bush.jpeg]
[1.bp.blogspot.com/images/g h w bush-2.jpeg]
[4.bp.blogspot.com/images/washington.jpeg]
[4.bp.blogspot.com/images/washington-2.jpeg]
[3.bp.blogspot.com/images/joseph-stalin-1950.jpg]
[3.bp.blogspot.com/images/joseph-stalin-1951.jpg]
[1.bp.blogspot.com/images/james abram garfield.jpeg]
[2.bp.blogspot.com/images/only.jpeg]
[2.bp.blogspot.com/images/only-2.jpeg]
[www.pastnotes82.tk/html/firstly-most-important-value-in-any.html]
[1.bp.blogspot.com/images/450px-benedict_xvi_blessing-2.jpg]
[1.bp.blogspot.com/images/450px-benedict_xvi_blessing-3.jpg]
[4.bp.blogspot.com/images/emmyyn.jpg]
[4.bp.blogspot.com/images/emmyyn-2.jpg]
[1.bp.blogspot.com/images/charade_movieposter-3.jpg]
[www.pastnotes82.tk/html/httpsen.html]
[1.bp.blogspot.com/images/charesl_darwin.jpg]
[www.pastnotes82.tk/html/origin-of-species.html]
[1.bp.blogspot.com/images/lisa kudrow.jpg]
[1.bp.blogspot.com/images/lisa kudrow-2.jpg]
[www.pastnotes82.tk/html/regarding-molecular-biology-of-cell.html]
[www.pastnotes82.tk/html/some-saved-shell-script-tidbits.html]
[www.pastnotes82.tk/html/about-narcissists.html]
[4.bp.blogspot.com/images/florence nightingale standing.jpg]
[www.pastnotes82.tk/html/search6f6c.html]
[1.bp.blogspot.com/images/ikea-3.png]
[www.pastnotes82.tk/html/about-this-blog_5.html]
[1.bp.blogspot.com/images/ikea-4.png]
[1.bp.blogspot.com/images/rebecca.jpeg]
[1.bp.blogspot.com/images/rebecca-2.jpeg]
[1.bp.blogspot.com/images/linux_mascot_1-3.jpg]
[1.bp.blogspot.com/images/linux_mascot_1-4.jpg]
[1.bp.blogspot.com/images/poultice - wikipedia-1.jpg]
[1.bp.blogspot.com/images/poultice - wikipedia-2.jpg]
[1.bp.blogspot.com/images/vice president kamala harris.jpg]
[1.bp.blogspot.com/images/vice president kamala harris-2.jpg]
[1.bp.blogspot.com/images/japan honors former australian pm gillard _ nhk world-japan news-1.jpg]
[1.bp.blogspot.com/images/japan honors former australian pm gillard _ nhk world-japan news-2.jpg]
[1.bp.blogspot.com/images/child_marriage.jpg]
[1.bp.blogspot.com/images/child_marriage-2.jpg]
[1.bp.blogspot.com/images/planned_parenthood-1.jpg]
[1.bp.blogspot.com/images/planned_parenthood-2.jpg]
[www.pastnotes82.tk/html/notes-about-my-school-project.html]
[1.bp.blogspot.com/images/sabine_lisa-1.jpg]
[1.bp.blogspot.com/images/sabine_lisa-2.jpg]
[1.bp.blogspot.com/images/physrevlett.126.160402-1.jpg]
[1.bp.blogspot.com/images/physrevlett.126.160402-2.jpg]
[1.bp.blogspot.com/images/physrevlett.126.160402-3.jpg]
[1.bp.blogspot.com/images/physrevlett.126.160402-4.jpg]
[1.bp.blogspot.com/images/physrevlett.126.160402-5.jpg]
[1.bp.blogspot.com/images/physrevlett.126.160402-6.jpg]
[1.bp.blogspot.com/images/physrevlett.126.160402-7.jpg]
[1.bp.blogspot.com/images/physrevlett.126.160402-8.jpg]
[1.bp.blogspot.com/images/1500x500.jpg]
[1.bp.blogspot.com/images/1500x500-2.jpg]
[1.bp.blogspot.com/images/screen1-3.jpg]
[1.bp.blogspot.com/images/screen1-4.jpg]
[1.bp.blogspot.com/images/screen2.jpg]
[1.bp.blogspot.com/images/screen2-2.jpg]
[1.bp.blogspot.com/images/screen3.jpg]
[1.bp.blogspot.com/images/screen3-2.jpg]
[1.bp.blogspot.com/images/pauli_principle.jpg]
[1.bp.blogspot.com/images/pauli_principle-2.jpg]
[1.bp.blogspot.com/images/sir_isaac_newton.jpg]
[1.bp.blogspot.com/images/sir_isaac_newton-2.jpg]
[1.bp.blogspot.com/images/policy_principles-and-purpose-1.jpg]
[1.bp.blogspot.com/images/policy_principles-and-purpose-2.jpg]
[1.bp.blogspot.com/images/english_words-1.jpg]
[1.bp.blogspot.com/images/english_words-2.jpg]
[1.bp.blogspot.com/images/regarding prey-1.jpg]
[1.bp.blogspot.com/images/regarding prey-2.jpg]
[1.bp.blogspot.com/images/letter-to-julia-cordelia-fine-1.jpg]
[1.bp.blogspot.com/images/letter-to-julia-cordelia-fine-2.jpg]
[www.pastnotes82.tk/html/learning-french-at-ratna-junior-college.html]
[1.bp.blogspot.com/images/pmqs_ boris feels more threatened by sir ed than sir keir _ the spectator-1.jpg]
[1.bp.blogspot.com/images/pmqs_ boris feels more threatened by sir ed than sir keir _ the spectator-2.jpg]
[1.bp.blogspot.com/images/mathematician disproves 80-year-old algebra conjecture _ quanta magazine-1.jpg]
[1.bp.blogspot.com/images/mathematician disproves 80-year-old algebra conjecture _ quanta magazine-2.jpg]
[1.bp.blogspot.com/images/mathematician disproves 80-year-old algebra conjecture _ quanta magazine-3.jpg]
[1.bp.blogspot.com/images/mathematician disproves 80-year-old algebra conjecture _ quanta magazine-4.jpg]
[1.bp.blogspot.com/images/hillary.jpeg]
[1.bp.blogspot.com/images/hillary-2.jpeg]
[lh3.googleusercontent.com/images/world-map.jpg]
[lh3.googleusercontent.com/images/world-map-2.jpg]
[lh3.googleusercontent.com/images/language_region_maps_of_india.png]
[lh3.googleusercontent.com/images/language_region_maps_of_india-2.png]
[www.pastnotes82.tk/html/about-my-btech-thesis.html]
[1.bp.blogspot.com/images/are the methods used by science the only ways of knowing_1.jpg]
[1.bp.blogspot.com/images/are the methods used by science the only ways of knowing_1-2.jpg]
[1.bp.blogspot.com/images/are the methods used by science the only ways of knowing_2.jpg]
[1.bp.blogspot.com/images/are the methods used by science the only ways of knowing_2-2.jpg]
[1.bp.blogspot.com/images/are the methods used by science the only ways of knowing_3.jpg]
[1.bp.blogspot.com/images/are the methods used by science the only ways of knowing_3-2.jpg]
[1.bp.blogspot.com/images/are the methods used by science the only ways of knowing_4.jpg]
[1.bp.blogspot.com/images/are the methods used by science the only ways of knowing_4-2.jpg]
[1.bp.blogspot.com/images/are the methods used by science the only ways of knowing_5.jpg]
[1.bp.blogspot.com/images/are the methods used by science the only ways of knowing_5-2.jpg]
[1.bp.blogspot.com/images/are the methods used by science the only ways of knowing_6.jpg]
[1.bp.blogspot.com/images/are the methods used by science the only ways of knowing_6-2.jpg]
[1.bp.blogspot.com/images/are the methods used by science the only ways of knowing_7.jpg]
[1.bp.blogspot.com/images/are the methods used by science the only ways of knowing_7-2.jpg]
[1.bp.blogspot.com/images/are the methods used by science the only ways of knowing_8.jpg]
[1.bp.blogspot.com/images/are the methods used by science the only ways of knowing_8-2.jpg]
[1.bp.blogspot.com/images/infinite altruism - the path to freedom and joy - mindful mediation-1.jpg]
[1.bp.blogspot.com/images/infinite altruism - the path to freedom and joy - mindful mediation-2.jpg]
[1.bp.blogspot.com/images/effective altruism_ an interview with steven pinker - harvard political review-1.jpg]
[1.bp.blogspot.com/images/effective altruism_ an interview with steven pinker - harvard political review-2.jpg]
[1.bp.blogspot.com/images/effective altruism_ an interview with steven pinker - harvard political review-3.jpg]
[1.bp.blogspot.com/images/effective altruism_ an interview with steven pinker - harvard political review-4.jpg]
[1.bp.blogspot.com/images/lisa kudrow knows the value of the little things - lisa kudrow - zimbio-crop-1.jpg]
[1.bp.blogspot.com/images/lisa kudrow knows the value of the little things - lisa kudrow - zimbio-crop-2.jpg]
[1.bp.blogspot.com/images/lisa_kudrow_we_can_learn_from_uncovering_our_past.jpg]
[1.bp.blogspot.com/images/lisa_kudrow_we_can_learn_from_uncovering_our_past-2.jpg]
[1.bp.blogspot.com/images/isaac+asimov+asks%2c+%e2%80%9chow+do+people+get+new+ideas_%e2%80%9d+_+mit+technology+review-1.jpg]
[1.bp.blogspot.com/images/isaac+asimov+asks%2c+%e2%80%9chow+do+people+get+new+ideas_%e2%80%9d+_+mit+technology+review-2.jpg]
[1.bp.blogspot.com/images/billgates-3.jpg]
[1.bp.blogspot.com/images/billgates-4.jpg]
[1.bp.blogspot.com/images/torque-150-1.jpg]
[1.bp.blogspot.com/images/torque-150-2.jpg]
[www.pastnotes82.tk/html/finalizing-my-supw-thesis.html]
[blogger.googleusercontent.com/images/beas river disaster - wikipedia - 24th april 2022.jpg]
[www.pastnotes82.tk/html/documenting-my-gap-year-participation.html]
[blogger.googleusercontent.com/images/beas river disaster - wikipedia - 24th april 2022-2.jpg]
[1.bp.blogspot.com/images/steven weinberg (1933-2021)_ the world of physics has lost a giant - prospect magazine-1.jpg]
[1.bp.blogspot.com/images/steven weinberg (1933-2021)_ the world of physics has lost a giant - prospect magazine-2.jpg]
[1.bp.blogspot.com/images/rare, risky, and complex, lung transplants for covid-19 survivors save, but change, lives-1.jpg]
[1.bp.blogspot.com/images/rare, risky, and complex, lung transplants for covid-19 survivors save, but change, lives-2.jpg]
[1.bp.blogspot.com/images/rare, risky, and complex, lung transplants for covid-19 survivors save, but change, lives-3.jpg]
[1.bp.blogspot.com/images/rare, risky, and complex, lung transplants for covid-19 survivors save, but change, lives-4.jpg]
[1.bp.blogspot.com/images/rare, risky, and complex, lung transplants for covid-19 survivors save, but change, lives-5.jpg]
[1.bp.blogspot.com/images/rare, risky, and complex, lung transplants for covid-19 survivors save, but change, lives-6.jpg]
[1.bp.blogspot.com/images/rare, risky, and complex, lung transplants for covid-19 survivors save, but change, lives-7.jpg]
[1.bp.blogspot.com/images/rare, risky, and complex, lung transplants for covid-19 survivors save, but change, lives-8.jpg]
[1.bp.blogspot.com/images/why people like working from home - the atlantic-1.jpg]
[1.bp.blogspot.com/images/why people like working from home - the atlantic-2.jpg]
[1.bp.blogspot.com/images/why people like working from home - the atlantic-3.jpg]
[1.bp.blogspot.com/images/why people like working from home - the atlantic-4.jpg]
[1.bp.blogspot.com/images/why people like working from home - the atlantic-5.jpg]
[1.bp.blogspot.com/images/why people like working from home - the atlantic-6.jpg]
[1.bp.blogspot.com/images/why people like working from home - the atlantic-7.jpg]
[1.bp.blogspot.com/images/why people like working from home - the atlantic-8.jpg]
[1.bp.blogspot.com/images/physicsdesignoftheciads25mevdemofacility-02.jpg]
[1.bp.blogspot.com/images/physicsdesignoftheciads25mevdemofacility-3.jpg]
[1.bp.blogspot.com/images/the-roadmap-of-chinese-ads-program-ciads-china-initiative-accelerator-driven-system-as.jpg]
[1.bp.blogspot.com/images/the-roadmap-of-chinese-ads-program-ciads-china-initiative-accelerator-driven-system-as-2.jpg]
[1.bp.blogspot.com/images/argon-1.jpg]
[1.bp.blogspot.com/images/argon-2.jpg]
[1.bp.blogspot.com/images/gough_whitlam-quote.jpeg]
[1.bp.blogspot.com/images/gough_whitlam-quote-2.jpeg]
[1.bp.blogspot.com/images/julia_e_gillard_at-a-sikh_temple.jpeg]
[1.bp.blogspot.com/images/julia_e_gillard_at-a-sikh_temple-2.jpeg]
[1.bp.blogspot.com/images/mapt_of_north_american_continent.jpeg]
[1.bp.blogspot.com/images/mapt_of_north_american_continent-2.jpeg]
[1.bp.blogspot.com/images/richard_dawkins_divorce_certificate.jpeg]
[1.bp.blogspot.com/images/richard_dawkins_divorce_certificate-2.jpeg]
[1.bp.blogspot.com/images/sean_m_carooll.jpeg]
[1.bp.blogspot.com/images/sean_m_carooll-2.jpeg]
[1.bp.blogspot.com/images/twostroke.jpeg]
[1.bp.blogspot.com/images/twostroke-2.jpeg]
[1.bp.blogspot.com/images/speed_of_light.jpeg]
[1.bp.blogspot.com/images/speed_of_light-2.jpeg]
[1.bp.blogspot.com/images/biden drives auto industry to make electric vehicles half of sales by 2030-1.jpg]
[1.bp.blogspot.com/images/biden drives auto industry to make electric vehicles half of sales by 2030-2.jpg]
[1.bp.blogspot.com/images/fair_use_license.png]
[1.bp.blogspot.com/images/fair_use_license-2.png]
[1.bp.blogspot.com/images/start_treaty.jpeg]
[1.bp.blogspot.com/images/start_treaty-2.jpeg]
[1.bp.blogspot.com/images/torque_simpsons.jpeg]
[1.bp.blogspot.com/images/torque_simpsons-2.jpeg]
[1.bp.blogspot.com/images/german-shepher.jpg]
[1.bp.blogspot.com/images/german-shepher-2.jpg]
[www.pastnotes82.tk/html/a-eulogy-involving-practising-atheist.html]
[1.bp.blogspot.com/images/adelaide_funeral_2.jpg]
[1.bp.blogspot.com/images/adelaide_funeral_2-2.jpg]
[1.bp.blogspot.com/images/adelaide_funeral_3.jpg]
[1.bp.blogspot.com/images/adelaide_funeral_3-2.jpg]
[1.bp.blogspot.com/images/adelaide_funeral_4.jpg]
[1.bp.blogspot.com/images/adelaide_funeral_4-2.jpg]
[1.bp.blogspot.com/images/christian.jpeg]
[1.bp.blogspot.com/images/christian-2.jpeg]
[www.pastnotes82.tk/html/regarding-family-and-television.html]
[blogger.googleusercontent.com/images/avvxsejycupjetrqs80mjexxwmahloro73u_xyasyjw4p-dthjkg9mavu1x0xa5titabgssrghraq59ssm3ephqbpotb76l7v9lmg6lqxp7bmek07nxxvlimv7uxswr1xmgaym4yrmhhbm0xck0xsd9jvhy7e6a2wudq98vupudtegcrryog6wd4_vr88vpf=s5296]
[blogger.googleusercontent.com/images/avvxsejycupjetrqs80mjexxwmahloro73u_xyasyjw4p-dthjkg9mavu1x0xa5titabgssrghraq59ssm3ephqbpotb76l7v9lmg6lqxp7bmek07nxxvlimv7uxswr1xmgaym4yrmhhbm0xck0xsd9jvhy7e6a2wudq98vupudtegcrryog6wd4_vr88vpf=s320.2]
[1.bp.blogspot.com/images/hubble captures a stunning 'einstein ring' magnifying the depths of the universe-1.jpg]
[1.bp.blogspot.com/images/hubble captures a stunning 'einstein ring' magnifying the depths of the universe-2.jpg]
[1.bp.blogspot.com/images/hubble captures a stunning 'einstein ring' magnifying the depths of the universe-3.jpg]
[blogger.googleusercontent.com/images/avvxseiuwwe_zpmeiv1cxtk6o4uqfnzvd0t4aufsznjd0hk9_myo5dkzyx4gmoqd-xifdk1tokozplnyjvcy2ernzwnnn2oasqyufk2lxkiouvqnkjtbok4vnbdegnvoyo16jimt7rjgw16yac8yjfqpjvif6uqqfkpy_aman9cm-van5bh6g_pciaqd2_wr=s2924]
[1.bp.blogspot.com/images/hubble captures a stunning 'einstein ring' magnifying the depths of the universe-4.jpg]
[1.bp.blogspot.com/images/einstein_ring_galaxies.jpeg]
[1.bp.blogspot.com/images/einstein_ring_galaxies-2.jpeg]
[www.pastnotes82.tk/html/about-gravitational-lensing.html]
[blogger.googleusercontent.com/images/avvxseiuwwe_zpmeiv1cxtk6o4uqfnzvd0t4aufsznjd0hk9_myo5dkzyx4gmoqd-xifdk1tokozplnyjvcy2ernzwnnn2oasqyufk2lxkiouvqnkjtbok4vnbdegnvoyo16jimt7rjgw16yac8yjfqpjvif6uqqfkpy_aman9cm-van5bh6g_pciaqd2_wr=w200-h]
[blogger.googleusercontent.com/images/avvxsehejxxj1ssyno_x_vorht3jw42ojbyiamdtom0zgtqlexxmlk4jus9mztra1twdpxpw2_po4qkldtqmxkcdldgkvllyqncnrhrodjd27wyujq5laz6m-rtuvp7s8scalufmkjbib77kmtzxlmmlquqpy_8mpoiwhbtbk6br4xqbun0z8q7mp808zq_s=s3508]
[www.pastnotes82.tk/html/list-of-secular-and-helpful-websites.html]
[blogger.googleusercontent.com/images/avvxsehejxxj1ssyno_x_vorht3jw42ojbyiamdtom0zgtqlexxmlk4jus9mztra1twdpxpw2_po4qkldtqmxkcdldgkvllyqncnrhrodjd27wyujq5laz6m-rtuvp7s8scalufmkjbib77kmtzxlmmlquqpy_8mpoiwhbtbk6br4xqbun0z8q7mp808zq_s=w200-h]
[1.bp.blogspot.com/images/regarding_policy-1.jpg]
[1.bp.blogspot.com/images/regarding_policy-2.jpg]
[1.bp.blogspot.com/images/u.s. will help australia build nuclear submarines in new deal countering china-crop.-1.jpg]
[blogger.googleusercontent.com/images/avvxsegiw6_1z6zsudol8_x9ejv1yirvjyo0zd10q83qnyjseslbd0ht7k3basjlwqqmjuqui4hizvmtz0retaexxy2ryowmqgp-g2og8l4ivtzleip7sf-qu_vn1yaub9y4g62wzzoovsizt6xziiqbnbflt35fmbe2q7_5d_cssmmfisryu49mnsaxokrg=s2924]
[blogger.googleusercontent.com/images/avvxsegiw6_1z6zsudol8_x9ejv1yirvjyo0zd10q83qnyjseslbd0ht7k3basjlwqqmjuqui4hizvmtz0retaexxy2ryowmqgp-g2og8l4ivtzleip7sf-qu_vn1yaub9y4g62wzzoovsizt6xziiqbnbflt35fmbe2q7_5d_cssmmfisryu49mnsaxokrg=w200-h]
[blogger.googleusercontent.com/images/avvxsej86zuwcoba9y8i-mv2afsllwfszsrltjjirpypx4gfcke0h75cay8nlusavb-ijif9mges2c4bn2ofvsg1y_gne_ykb4320kclgiszhmjlkr_yi48hcvcib2g-pi3p5htlp6az8mnvoah54qcek_iq1gpydfu63hzk8pfoikmqvksgicdcstcr8sat=s1632]
[1.bp.blogspot.com/images/u.s. will help australia build nuclear submarines in new deal countering china-crop.-2.jpg]
[www.pastnotes82.tk/html/regarding-policy.html]
[blogger.googleusercontent.com/images/avvxsej86zuwcoba9y8i-mv2afsllwfszsrltjjirpypx4gfcke0h75cay8nlusavb-ijif9mges2c4bn2ofvsg1y_gne_ykb4320kclgiszhmjlkr_yi48hcvcib2g-pi3p5htlp6az8mnvoah54qcek_iq1gpydfu63hzk8pfoikmqvksgicdcstcr8sat=w149-h]
[blogger.googleusercontent.com/images/avvxsegcv6qdo7whxt4uubfetykmnul6_y2-e4t9m9etnrjhwmvqncsyde3bmf4lynrzdelfmqbrw444-sxklnn4s3kkgpetarh0yksxjsrhwggtyiuvufpkgzep-4kl0o6ovsaoynqbf3agpdydy0taccvppep7njxx7lkhhruoe4yq_nsqjxbcf710d5_c=s3334]
[www.pastnotes82.tk/html/a-wave-equation-involving-chirality-and.html]
[blogger.googleusercontent.com/images/avvxsegcv6qdo7whxt4uubfetykmnul6_y2-e4t9m9etnrjhwmvqncsyde3bmf4lynrzdelfmqbrw444-sxklnn4s3kkgpetarh0yksxjsrhwggtyiuvufpkgzep-4kl0o6ovsaoynqbf3agpdydy0taccvppep7njxx7lkhhruoe4yq_nsqjxbcf710d5_c=w140-h]
[blogger.googleusercontent.com/images/avvxseiknofkt3h2rhebvmw580obd5sb0ty39wct1qoku13qacjiroivkebdaumfkyptjmimtdwzb4gxq2gyqg330y9ygqpiq5eohptv2ykziihmfgtd2sn-k1pi8ugvdehqcbl7lrcqhqjgk5st9jfqiy3x8snqro89us8une0tk7al8oltzu7x67ip64i0=s3334]
[blogger.googleusercontent.com/images/avvxseiknofkt3h2rhebvmw580obd5sb0ty39wct1qoku13qacjiroivkebdaumfkyptjmimtdwzb4gxq2gyqg330y9ygqpiq5eohptv2ykziihmfgtd2sn-k1pi8ugvdehqcbl7lrcqhqjgk5st9jfqiy3x8snqro89us8une0tk7al8oltzu7x67ip64i0=w140-h]
[www.pastnotes82.tk/html/some-research-notes-involving.html]
[blogger.googleusercontent.com/images/avvxsehst1m_36fxgnstrlkugibiemluhzzf3bns6nnx6swmdzxsjufepwvwlckpvwnbyiliqthd5k8sf72kz42hknkct442s4tzze6yj537kgprsixu-hf-qpxvnfh27lu3m8xvs6mje2uvblixaolrxvocy21li1nxmputklepc9p22dqg94ku1ecdzvwx=s3334]
[blogger.googleusercontent.com/images/avvxsehst1m_36fxgnstrlkugibiemluhzzf3bns6nnx6swmdzxsjufepwvwlckpvwnbyiliqthd5k8sf72kz42hknkct442s4tzze6yj537kgprsixu-hf-qpxvnfh27lu3m8xvs6mje2uvblixaolrxvocy21li1nxmputklepc9p22dqg94ku1ecdzvwx=w140-h]
[www.pastnotes82.tk/html/about-galaxyrotationproblem_4.html]
[blogger.googleusercontent.com/images/avvxsejllud1f-hfcsveq7ieqyvoksffby6bjrjv9mbb-7e-clgsbw0k9ur1ls2vbux6m6nhszmty6hopsicgyhd6sd-jrxvexp0l1k6r2h8rj7grwtzzwhaelbstl_ipqbgulv4m76jmypig0-zkjlvkiz5xu9qt4oi7rmweibjjepb30vimcxzr5wmczih=s3334]
[blogger.googleusercontent.com/images/4 - quote_by_margaret_thatcher.jpg]
[blogger.googleusercontent.com/images/avvxsejllud1f-hfcsveq7ieqyvoksffby6bjrjv9mbb-7e-clgsbw0k9ur1ls2vbux6m6nhszmty6hopsicgyhd6sd-jrxvexp0l1k6r2h8rj7grwtzzwhaelbstl_ipqbgulv4m76jmypig0-zkjlvkiz5xu9qt4oi7rmweibjjepb30vimcxzr5wmczih=w140-h]
[blogger.googleusercontent.com/images/avvxseiehfdtgpgxjm6aumdkfmecvzvygicayznd0f7mmngd7rwtoaqifhyxhiw3c1bgg9nlny-neoy9qi4joflflmjqs7gz2jejnhfs6y6i4o3ots5c7xropwlrr8tyc8qpjubcjmjj5ox_p4ytf-lpd8ovkwhfzurynlvegysux8ravjsislr56kcbmf2a=s3719]
[blogger.googleusercontent.com/images/avvxseiehfdtgpgxjm6aumdkfmecvzvygicayznd0f7mmngd7rwtoaqifhyxhiw3c1bgg9nlny-neoy9qi4joflflmjqs7gz2jejnhfs6y6i4o3ots5c7xropwlrr8tyc8qpjubcjmjj5ox_p4ytf-lpd8ovkwhfzurynlvegysux8ravjsislr56kcbmf2a=w226-h]
[blogger.googleusercontent.com/images/avvxsegjfs8a8eq779ohfzyky-ij-4de55z10er2tj60he0_7-uygwmxhrxk5sz5_xdqfvblegn8bvcuce7ikf7mftyrxhnpx5rjvf2wm17yvwgzwpyjot1spumlxijkoyjxmmglnwmlq6g8z9vcffcvoknjeksfl24-36qnsfjbgt9m2kq92nbghguwtg59=s4008]
[blogger.googleusercontent.com/images/4 - quote_by_margaret_thatcher-2.jpg]
[blogger.googleusercontent.com/images/avvxsegjfs8a8eq779ohfzyky-ij-4de55z10er2tj60he0_7-uygwmxhrxk5sz5_xdqfvblegn8bvcuce7ikf7mftyrxhnpx5rjvf2wm17yvwgzwpyjot1spumlxijkoyjxmmglnwmlq6g8z9vcffcvoknjeksfl24-36qnsfjbgt9m2kq92nbghguwtg59=s320.2]
[blogger.googleusercontent.com/images/avvxseiwl8bsid2shgudmmrrfmjjbhdjxn_r9phftumwj0lmn32oh1hndwztqqbygl8gz-419kxrgvwr0o-vhmz2awjdd8exwrhkzu_pshkgzqsdr6vqszqdxckmyquexwkoscom2evxagpfbev56otktnzvmoqy2ypon7fktrtqwhrlbkzfkyqp3vfr44ef=s3394]
[blogger.googleusercontent.com/images/avvxsegpywxbua2rekugffrvek_7t_j1yhjhn1skiv4zwjf0s9gl15edbaqdfn_mfrxaillhdomrvesrwzucmkt2lboebplz6mk_9qnbwdgi54jd32g3liq7ifiokgioxqm9_zs2ee3xfuzn9sqhd1omup3kxhwhhds-5ylpnifv6l3pk1ncngq7sah21756=s3394]
[blogger.googleusercontent.com/images/to_hillary_regarding_my_participation_with_the_government.jpg]
[blogger.googleusercontent.com/images/avvxseiwl8bsid2shgudmmrrfmjjbhdjxn_r9phftumwj0lmn32oh1hndwztqqbygl8gz-419kxrgvwr0o-vhmz2awjdd8exwrhkzu_pshkgzqsdr6vqszqdxckmyquexwkoscom2evxagpfbev56otktnzvmoqy2ypon7fktrtqwhrlbkzfkyqp3vfr44ef=s320.2]
[blogger.googleusercontent.com/images/avvxsegnwifsybrwwa0ecpooel6h3rzpyg17lzxewqbipba9z1ef3kggbp6nojf7fuexdtu83-7du-5ideyvkijfofoxnm9wxel25owa14cseccavviuqv1uhwzhxfpoz8_nh7ps88v7v4bnrw14_yqlpsb5r2_h0r3zbekocz9ddqzum4zanbhdi7evfk9r=s320.2]
[blogger.googleusercontent.com/images/avvxsegnwifsybrwwa0ecpooel6h3rzpyg17lzxewqbipba9z1ef3kggbp6nojf7fuexdtu83-7du-5ideyvkijfofoxnm9wxel25owa14cseccavviuqv1uhwzhxfpoz8_nh7ps88v7v4bnrw14_yqlpsb5r2_h0r3zbekocz9ddqzum4zanbhdi7evfk9r=s7967]
[blogger.googleusercontent.com/images/to_hillary_regarding_my_participation_with_the_government-2.jpg]
[blogger.googleusercontent.com/images/avvxsegtqywqqaxfccohnn89558dd8pi4cpj7shxv6rrmnobuy5_yxlthdbgxrqisas9i0m0-79nb4cewwuifl7qcm8h__urnblzhanbbep7eawqbu79mixlsdzlyz8a4lbvzrncwufizsou8kmfakueq5vugu56sxxvz7znqtmbnmyxz_jqt4resa51zw6f=s5630]
[blogger.googleusercontent.com/images/avvxsegtqywqqaxfccohnn89558dd8pi4cpj7shxv6rrmnobuy5_yxlthdbgxrqisas9i0m0-79nb4cewwuifl7qcm8h__urnblzhanbbep7eawqbu79mixlsdzlyz8a4lbvzrncwufizsou8kmfakueq5vugu56sxxvz7znqtmbnmyxz_jqt4resa51zw6f=s320.2]
[blogger.googleusercontent.com/images/avvxsehwk6dabhgb1kdpqocpm_pmnlac6baz79lc2wyt7olvzwc5fl938sqproggnn-5q_pug3qdh39huyas5x0xxf71o6dq_mhnlvywn3tcfadvxczi5mnechb0oir6xazpwc5pzlxss8coz3gld2xkjlx18-wdltwu08d1d80axqu65enj1rrdsfzqfgjl=s4096]
[blogger.googleusercontent.com/images/avvxsejdnsnakoncjk9zswerzd6i9pyvupnpuvtaxdgx3jeg8q-5puirpkefrmjekvtx669umhondqimfoeyrgurgw1qkgbzgfkcm_yzeat6wqums-3ku24ckkikfl1bi9wl0uphgtvxox0gfgmlknkhzn80dhicqj59lygzwfxksa8tbd4d1qdwnaqj-fr3=s320.2]
[blogger.googleusercontent.com/images/1 - jill biden english.jpg]
[blogger.googleusercontent.com/images/avvxsejdnsnakoncjk9zswerzd6i9pyvupnpuvtaxdgx3jeg8q-5puirpkefrmjekvtx669umhondqimfoeyrgurgw1qkgbzgfkcm_yzeat6wqums-3ku24ckkikfl1bi9wl0uphgtvxox0gfgmlknkhzn80dhicqj59lygzwfxksa8tbd4d1qdwnaqj-fr3=s6450]
[blogger.googleusercontent.com/images/avvxsehwk6dabhgb1kdpqocpm_pmnlac6baz79lc2wyt7olvzwc5fl938sqproggnn-5q_pug3qdh39huyas5x0xxf71o6dq_mhnlvywn3tcfadvxczi5mnechb0oir6xazpwc5pzlxss8coz3gld2xkjlx18-wdltwu08d1d80axqu65enj1rrdsfzqfgjl=s320.2]
[blogger.googleusercontent.com/images/avvxseiqjqbwfudu3agfxxavqahmdxzb1phqern14cemfcknzt9hykkfv9nadzxxdgrtulzcuqemjz_rzm-noo5jsvulrqfc85_dpxcrsvn1rxgfouhpawyp_ypm5mam_ayu9rsfy6etotr0lgk81ckdkykpbkowqvdhtfatc7yedl9h3xfhygwelnf9ezlt=s4096]
[blogger.googleusercontent.com/images/1 - jill biden english-2.jpg]
[blogger.googleusercontent.com/images/avvxseiqjqbwfudu3agfxxavqahmdxzb1phqern14cemfcknzt9hykkfv9nadzxxdgrtulzcuqemjz_rzm-noo5jsvulrqfc85_dpxcrsvn1rxgfouhpawyp_ypm5mam_ayu9rsfy6etotr0lgk81ckdkykpbkowqvdhtfatc7yedl9h3xfhygwelnf9ezlt=w80-h2]
[blogger.googleusercontent.com/images/avvxseicbyhom2owlxdmwgitwt8l64kxlv7mbogtt-c__uythqpcutgmn-chpvyynxmeh6qedjawjuicram7utd26tgj_xwnjsgixupdjbrp0un0oogfalt4hhwustihi8lbp7z_ajuqwhdnbyg8r2sl6kd6vlzdvdj2wgbdlcmo4xl0ayknwnjug30djps2=s3334]
[blogger.googleusercontent.com/images/avvxseicbyhom2owlxdmwgitwt8l64kxlv7mbogtt-c__uythqpcutgmn-chpvyynxmeh6qedjawjuicram7utd26tgj_xwnjsgixupdjbrp0un0oogfalt4hhwustihi8lbp7z_ajuqwhdnbyg8r2sl6kd6vlzdvdj2wgbdlcmo4xl0ayknwnjug30djps2=w105-h]
[blogger.googleusercontent.com/images/avvxsejinqn9rhpoxur8enflswsydxmuqfpwthjczaoqwl49mz9kugjimfhxhnquopunztsdh7l1s5022cvrwil_w0iimcsnrbgjshim31aswwwivqwx5dyklxxnn7o6uzjs4maddmp_gfjqmkmmis1wjeses3hb_079t0nlkkot6nrkgerd43vcm87cjy9n=s1271]
[blogger.googleusercontent.com/images/2 - english_speaking_lisa_simpson-1280.jpg]
[blogger.googleusercontent.com/images/avvxsejte2bhkbfhg8yrvc9-mu6ityqlnh589w0tbwqvmyepbcmfpwkwhzwouanovtvomu35uvpcvkywigeirbqspnkcebdqa8i2mfdo3y5xsukbwvx0tzuuq1tugjf-ckx7dhhb8kahvubww-vtasvgbpjgd8zi_cgrmz6tikngkxcqadklqcxz53-sjhg5=s3725]
[blogger.googleusercontent.com/images/avvxsejinqn9rhpoxur8enflswsydxmuqfpwthjczaoqwl49mz9kugjimfhxhnquopunztsdh7l1s5022cvrwil_w0iimcsnrbgjshim31aswwwivqwx5dyklxxnn7o6uzjs4maddmp_gfjqmkmmis1wjeses3hb_079t0nlkkot6nrkgerd43vcm87cjy9n=w159-h]
[blogger.googleusercontent.com/images/avvxsejte2bhkbfhg8yrvc9-mu6ityqlnh589w0tbwqvmyepbcmfpwkwhzwouanovtvomu35uvpcvkywigeirbqspnkcebdqa8i2mfdo3y5xsukbwvx0tzuuq1tugjf-ckx7dhhb8kahvubww-vtasvgbpjgd8zi_cgrmz6tikngkxcqadklqcxz53-sjhg5=w141-h]
[blogger.googleusercontent.com/images/2 - english_speaking_lisa_simpson-1281.jpg]
[blogger.googleusercontent.com/images/avvxsehueo5vpodbqpgikf5yb0yvhyxywk2intndalqhlbgpr9zfal-7kbnrdwxksyp4psaol0vjxuleqhubq0qnxcuyel1kqzaq2yp2lmiw4fpdzcco_-fhlphuzdcajojjatvpxu-fxuj-hnfdefhejpb-nvcrtivujvlpdg-fhanihffpw2iuciiy4kzd=s1650]
[blogger.googleusercontent.com/images/avvxsehueo5vpodbqpgikf5yb0yvhyxywk2intndalqhlbgpr9zfal-7kbnrdwxksyp4psaol0vjxuleqhubq0qnxcuyel1kqzaq2yp2lmiw4fpdzcco_-fhlphuzdcajojjatvpxu-fxuj-hnfdefhejpb-nvcrtivujvlpdg-fhanihffpw2iuciiy4kzd=w200-h]
[blogger.googleusercontent.com/images/avvxsejayk9lp6rro7tgtkeyafsuvq97o4vpsemlfipyk2w2ti1zsumlf7szhklgic03udwquonqhagxnkdwyzntyq_o43lkxac-o3vbi_3xb2lbnkkkcotrhpnbi7ahp41ql-lxbbtshyukqtvvhljbs4qkfawmo-fm9gacyhoehrzx7dvrbuokvmxcaaqx=s4096]
[blogger.googleusercontent.com/images/33 - part1-english-india.jpeg]
[blogger.googleusercontent.com/images/avvxsejayk9lp6rro7tgtkeyafsuvq97o4vpsemlfipyk2w2ti1zsumlf7szhklgic03udwquonqhagxnkdwyzntyq_o43lkxac-o3vbi_3xb2lbnkkkcotrhpnbi7ahp41ql-lxbbtshyukqtvvhljbs4qkfawmo-fm9gacyhoehrzx7dvrbuokvmxcaaqx=w53-h2]
[blogger.googleusercontent.com/images/avvxsejgdgbohgrxloptcns_vo-c5nkqqezc0qzfoorszorjp0g6w59pc5sbimk2omtekswtbknebnetegfktuegp-bsoxtamvlzpo81byqudwojga22xaxgu5omcym9dypmqjyxx9vrnfvyrzns4wtrwrdllvxw5qogxbidgnjdy3j4b4cnapi94rbxftnd=s5834]
[blogger.googleusercontent.com/images/avvxsejgdgbohgrxloptcns_vo-c5nkqqezc0qzfoorszorjp0g6w59pc5sbimk2omtekswtbknebnetegfktuegp-bsoxtamvlzpo81byqudwojga22xaxgu5omcym9dypmqjyxx9vrnfvyrzns4wtrwrdllvxw5qogxbidgnjdy3j4b4cnapi94rbxftnd=w412-h]
[blogger.googleusercontent.com/images/avvxsehtxfveef7rrqqgabs16cf4w2hy6ifcml4xqgniqroelvilympecak4tzhhzctiqa4yowubnggtskfjjfrjxn0vbfffssbpqsng-l8_hz0x0smz88edz6n_x1cn4nb6kkgvm8mpkspyuk69fem7emsryfrm1zlj6dxlu-kmnyvyua622usn7t_mfqun=s809.2]
[blogger.googleusercontent.com/images/33 - part1-english-india-2.jpeg]
[blogger.googleusercontent.com/images/avvxsehtxfveef7rrqqgabs16cf4w2hy6ifcml4xqgniqroelvilympecak4tzhhzctiqa4yowubnggtskfjjfrjxn0vbfffssbpqsng-l8_hz0x0smz88edz6n_x1cn4nb6kkgvm8mpkspyuk69fem7emsryfrm1zlj6dxlu-kmnyvyua622usn7t_mfqun=s320.2]
[blogger.googleusercontent.com/images/avvxsejbo78fwoh88t4pqncfkbn96alb1poce0ryf8csumv-8xnsarw6ebnnuxptnzgemfu0_tq2e_q1klwez0n9dl6c-mqkiv3ojqobm6njpito1_pibl6eackt2u-cem9nm3c74e9f0zwcxuijipkuiggkpmzudbnwel1kdilq7j763i5z9i-ri_a-mqgo=s3719]
[blogger.googleusercontent.com/images/avvxsejbo78fwoh88t4pqncfkbn96alb1poce0ryf8csumv-8xnsarw6ebnnuxptnzgemfu0_tq2e_q1klwez0n9dl6c-mqkiv3ojqobm6njpito1_pibl6eackt2u-cem9nm3c74e9f0zwcxuijipkuiggkpmzudbnwel1kdilq7j763i5z9i-ri_a-mqgo=s320.2]
[blogger.googleusercontent.com/images/part2-english-india.jpeg]
[blogger.googleusercontent.com/images/avvxsegvabtpvfgjue0ssawrxeabutrtxrw-v9bflsx8togqaw08mlo1gesdgtsnn6oavebddzteoh3rlbt4zrtlxt1qqt7sm7uukvybx6sl_hfmizcqcqxpvbuuf_5vzcsso87qu20w34nsycvikubwgfcxls_ukcg_fl-o4p0ifbbwfyflmeo21ntmdtus=s320.2]
[blogger.googleusercontent.com/images/avvxsegvabtpvfgjue0ssawrxeabutrtxrw-v9bflsx8togqaw08mlo1gesdgtsnn6oavebddzteoh3rlbt4zrtlxt1qqt7sm7uukvybx6sl_hfmizcqcqxpvbuuf_5vzcsso87qu20w34nsycvikubwgfcxls_ukcg_fl-o4p0ifbbwfyflmeo21ntmdtus=s876.2]
[blogger.googleusercontent.com/images/avvxseh4w9jri1i3ugz0achjc5j6lbdayfvms6zbxqya_lvm7ircr_2toqgllpndvfws1q8p0n6fpsy5t-xquhhzi9evykvblffksuhrxpujp0mq957duhoagpzdcasu61h1jmvei6mg9zsyupip1ro0f3uuzxbwpu0k7ef4cemn_qzi3f67ryvzhn__q_r4=s989.2]
[blogger.googleusercontent.com/images/part2-english-india-2.jpeg]
[blogger.googleusercontent.com/images/avvxseh4w9jri1i3ugz0achjc5j6lbdayfvms6zbxqya_lvm7ircr_2toqgllpndvfws1q8p0n6fpsy5t-xquhhzi9evykvblffksuhrxpujp0mq957duhoagpzdcasu61h1jmvei6mg9zsyupip1ro0f3uuzxbwpu0k7ef4cemn_qzi3f67ryvzhn__q_r4=s320.2]
[blogger.googleusercontent.com/images/avvxsehmh2jnkg512xoo0aqnk2_qbjsqtmqituzeaaoreftdwzhojir6ogozikqnktmf5b9dnz6d4a8cfblafwwfjq3r_p_kwwmjecyeakddkwlad2tn33ha9imoic6vmfu7rivulneaplyitkvlkpbfyp7fxn6b6_tjj0zk3vajerozyqfukbrh-txtyo0x=s480.2]
[blogger.googleusercontent.com/images/avvxsehmh2jnkg512xoo0aqnk2_qbjsqtmqituzeaaoreftdwzhojir6ogozikqnktmf5b9dnz6d4a8cfblafwwfjq3r_p_kwwmjecyeakddkwlad2tn33ha9imoic6vmfu7rivulneaplyitkvlkpbfyp7fxn6b6_tjj0zk3vajerozyqfukbrh-txtyo0x=s320.2]
[blogger.googleusercontent.com/images/avvxsei2uxzkyd4ildzxhjmg3vplk8fn6xn8i6c7oh12_skwjmdbxatslmpqu1_bdykycicobc_ta_rxvnug_xonwrfx9ojzaasbewt3tl8n_ysv_mptmxrklaybrn2rv-qh0ih6tbj2r6v8vmabjnhuyokafgmfbg5dovyca-j6enqom0vfw7xfnvyx5jom=s2048]
[blogger.googleusercontent.com/images/4 - part1-english-nigeria.jpeg]
[blogger.googleusercontent.com/images/avvxsei2uxzkyd4ildzxhjmg3vplk8fn6xn8i6c7oh12_skwjmdbxatslmpqu1_bdykycicobc_ta_rxvnug_xonwrfx9ojzaasbewt3tl8n_ysv_mptmxrklaybrn2rv-qh0ih6tbj2r6v8vmabjnhuyokafgmfbg5dovyca-j6enqom0vfw7xfnvyx5jom=s320.2]
[blogger.googleusercontent.com/images/avvxseiva8ygujm6ijw-fxfukgmcrg4agh_as8lbqj1nyql3twovy1luxyex7rlrw1arlc2tag5k3g8oftzm3s2pvzmnuu31rdesk4jcr_r_b-m_wjk2psagqhx2aq0q8os29kjr2gihnbcq1haabmt51pts1skzazi1179jqdfe223m_dwgjiqs8ixznz6y=s2649]
[blogger.googleusercontent.com/images/avvxseiva8ygujm6ijw-fxfukgmcrg4agh_as8lbqj1nyql3twovy1luxyex7rlrw1arlc2tag5k3g8oftzm3s2pvzmnuu31rdesk4jcr_r_b-m_wjk2psagqhx2aq0q8os29kjr2gihnbcq1haabmt51pts1skzazi1179jqdfe223m_dwgjiqs8ixznz6y=s320.2]
[blogger.googleusercontent.com/images/4 - part1-english-nigeria-2.jpeg]
[blogger.googleusercontent.com/images/avvxsej6gl-sjj1nsntbc2ft62tolkovy7c30hbwsift6lrucigaqab3mmyx-soij9qzalurqhzhiqmpqcqmho0swfa64do5bdereaxxkvrcszkgydx31jmy2f6yhiy-zkxrw8s3a_fnrfprfu6k9ixdnwjfuug2kmmcdadu5bbokhq3be4idj_m8c_hqdnp=s2597]
[blogger.googleusercontent.com/images/avvxsej6gl-sjj1nsntbc2ft62tolkovy7c30hbwsift6lrucigaqab3mmyx-soij9qzalurqhzhiqmpqcqmho0swfa64do5bdereaxxkvrcszkgydx31jmy2f6yhiy-zkxrw8s3a_fnrfprfu6k9ixdnwjfuug2kmmcdadu5bbokhq3be4idj_m8c_hqdnp=s320.2]
[blogger.googleusercontent.com/images/part2-english-nigeria.png]
[blogger.googleusercontent.com/images/avvxsehayqshbugfyllzxwrwiaoi8cn-lrjabspjrgi9kil6nddsytw2cziusv-kskbdykrgimgtmqlafgifi_zy0a6rpohz_xjjjiuhheswoeqju4ok_qn-hv7x7yobc2nabtlimrp3esbqke4woalomljfsikkfapmxpuwsqhijicpydjdzkqf5h2ds7ab=s9667]
[blogger.googleusercontent.com/images/avvxsehayqshbugfyllzxwrwiaoi8cn-lrjabspjrgi9kil6nddsytw2cziusv-kskbdykrgimgtmqlafgifi_zy0a6rpohz_xjjjiuhheswoeqju4ok_qn-hv7x7yobc2nabtlimrp3esbqke4woalomljfsikkfapmxpuwsqhijicpydjdzkqf5h2ds7ab=s320.2]
[blogger.googleusercontent.com/images/avvxsehlbrfkxrclkicaidy29t-_iswqxjususllo7zvcezrdmsp3xpc0muehnng5x7zyzpp2sxecoedfhptfmjq--xnxhtkvmslkv-wmwfomoq_umlvttpgafcdbarc2vo-hku08mfiq2676ccuyv-qvo62rco71hdnj85e8tuiehkqdouzvdh4khurswmt=s2048]
[blogger.googleusercontent.com/images/part2-english-nigeria-2.png]
[blogger.googleusercontent.com/images/avvxsehlbrfkxrclkicaidy29t-_iswqxjususllo7zvcezrdmsp3xpc0muehnng5x7zyzpp2sxecoedfhptfmjq--xnxhtkvmslkv-wmwfomoq_umlvttpgafcdbarc2vo-hku08mfiq2676ccuyv-qvo62rco71hdnj85e8tuiehkqdouzvdh4khurswmt=s320.2]
[blogger.googleusercontent.com/images/avvxsei92byao79cj0bl6p7akyecj5utxzaccqewdabn0zb7qxhdashqduprriv10zqr_5reeiobrdscwpsmvix_mb7xx0_vhoc0y01-oqzll0fggkl03r0_szadtziqhvyfcd7e2ncnwkzq1mf9gxwumxenagtpyvedqtq4bpjnbfbrib-cguas7vcmdqcx=s960.2]
[blogger.googleusercontent.com/images/avvxsei92byao79cj0bl6p7akyecj5utxzaccqewdabn0zb7qxhdashqduprriv10zqr_5reeiobrdscwpsmvix_mb7xx0_vhoc0y01-oqzll0fggkl03r0_szadtziqhvyfcd7e2ncnwkzq1mf9gxwumxenagtpyvedqtq4bpjnbfbrib-cguas7vcmdqcx=s320.2]
[blogger.googleusercontent.com/images/1 - hillary_halleys_comet_return.jpg]
[blogger.googleusercontent.com/images/avvxsejuzlvygc9m4r1vkpnma1swqko0x2_8kysv4rlcpmk5of67kpgt9sxygxrn6jzhq8zhj3xpdlt-0h4jyvd11_ezdlraguqasqjy005l6e8qbadlywk5nqrmwtezmtckmkobsrmrvjhuqa9w_6dfveetnu8rlzbou0xbgv0lqz-2mhqlziktcejffnah=s2048]
[blogger.googleusercontent.com/images/avvxsejdokaqlbt4hcab62zxj-uavdtpr1lpwtxasytefrjb_zz6dmjp4rdqfsdliheyiqup3xudb4sxcsmi9mptc8z3yyapvjdi1fbovjkmkpubpavadg8v_z0rqt-hf8cifkminndotpmqcsfgxi5wq9zgfpintmwfp8ihsplo6maz13z6nrpnstvg7rwq=s300.2]
[blogger.googleusercontent.com/images/avvxsejuzlvygc9m4r1vkpnma1swqko0x2_8kysv4rlcpmk5of67kpgt9sxygxrn6jzhq8zhj3xpdlt-0h4jyvd11_ezdlraguqasqjy005l6e8qbadlywk5nqrmwtezmtckmkobsrmrvjhuqa9w_6dfveetnu8rlzbou0xbgv0lqz-2mhqlziktcejffnah=s320.2]
[blogger.googleusercontent.com/images/avvxsejdokaqlbt4hcab62zxj-uavdtpr1lpwtxasytefrjb_zz6dmjp4rdqfsdliheyiqup3xudb4sxcsmi9mptc8z3yyapvjdi1fbovjkmkpubpavadg8v_z0rqt-hf8cifkminndotpmqcsfgxi5wq9zgfpintmwfp8ihsplo6maz13z6nrpnstvg7rwq.273.de]
[blogger.googleusercontent.com/images/1 - hillary_halleys_comet_return-2.jpg]
[blogger.googleusercontent.com/images/avvxsehh0f2munqwgc2jtis0dz4xmhzzby5hldbbk7pjiegqc-0gve97t7foem1ceodwgl4j95qc5vg4nwpo0cenhgbkvs6y6dulfwrsagkosyxgmtu1hnrtqkdvr3bg_fydwmsakroblahlsexhk35oajof5wj3p_loh8_uxjbiqtuumgf6b-sjt33ht5bl=s1200]
[blogger.googleusercontent.com/images/avvxsehh0f2munqwgc2jtis0dz4xmhzzby5hldbbk7pjiegqc-0gve97t7foem1ceodwgl4j95qc5vg4nwpo0cenhgbkvs6y6dulfwrsagkosyxgmtu1hnrtqkdvr3bg_fydwmsakroblahlsexhk35oajof5wj3p_loh8_uxjbiqtuumgf6b-sjt33ht5bl=s320.2]
[blogger.googleusercontent.com/images/avvxsejezwpqjrkvggfg8d03iow_dao64xs0cvxoendkro3-qi5i43rmda0b0sagxdrtp21ee_cdlmg0k5kdi4v_2miedwdjaxcxiokm5_xuls41ry5yjbw61rngtzz0c_7ccntghpj5l8xboqegwu9tov3ldalnf_io37dc15ful7uzsqw0ay0xasjxjcs6=s2048]
[blogger.googleusercontent.com/images/forgiving_hillary.jpeg]
[blogger.googleusercontent.com/images/avvxsejezwpqjrkvggfg8d03iow_dao64xs0cvxoendkro3-qi5i43rmda0b0sagxdrtp21ee_cdlmg0k5kdi4v_2miedwdjaxcxiokm5_xuls41ry5yjbw61rngtzz0c_7ccntghpj5l8xboqegwu9tov3ldalnf_io37dc15ful7uzsqw0ay0xasjxjcs6=s320.2]
[blogger.googleusercontent.com/images/avvxsejzgxrafjhx-chpdp_nnun4p_dhoe3zw-cpkfowyhaaaik48dnyjzgriicw0rsufohfpjythnme4ey-8ev0pglf9wovt_4fhyvo7e7utp2munbb2is4kwj0evwhskua4grp6hq0scvqxyanqpxmdq3-khf0tjgvo6xxcldf3idjuj2cubxalo03-j3u=s4096]
[blogger.googleusercontent.com/images/avvxsejzgxrafjhx-chpdp_nnun4p_dhoe3zw-cpkfowyhaaaik48dnyjzgriicw0rsufohfpjythnme4ey-8ev0pglf9wovt_4fhyvo7e7utp2munbb2is4kwj0evwhskua4grp6hq0scvqxyanqpxmdq3-khf0tjgvo6xxcldf3idjuj2cubxalo03-j3u=s320.2]
[blogger.googleusercontent.com/images/forgiving_hillary-2.jpeg]
[blogger.googleusercontent.com/images/avvxsehysb35x-ajdoiwis8wzf4mwbw49gr8ulrm4n9eltm6y_vprl02zgspbdgh8pnyxrflooaocyx6camxapy5n_pweajz0b8xi9zloef_grnofcf9qfazmdtxqw_9eysciggwvep10ndgwpg44vllldf4pfoq_ubevbsl3tih12edljnibataq3stfuw7=s4096]
[blogger.googleusercontent.com/images/avvxsehysb35x-ajdoiwis8wzf4mwbw49gr8ulrm4n9eltm6y_vprl02zgspbdgh8pnyxrflooaocyx6camxapy5n_pweajz0b8xi9zloef_grnofcf9qfazmdtxqw_9eysciggwvep10ndgwpg44vllldf4pfoq_ubevbsl3tih12edljnibataq3stfuw7=s320.2]
[blogger.googleusercontent.com/images/avvxseguh5aggahyqvzyolhnojbusjrx_xiolfpau6gthjwgwgg2qdlh7jbo14btm2ipuypec-yshmzy_2bjpf_zl043xgec1v6skohayt8zx7rzbfsoe-lvcqtzw9pzftdy5twywioo9mxbebjv8vkwu4jqvwkdzje3mdn0_xoylbvmu2h-nzubznetfj0t=s7401]
[blogger.googleusercontent.com/images/1 - chelsea_source_code-3400.jpeg]
[blogger.googleusercontent.com/images/avvxseguh5aggahyqvzyolhnojbusjrx_xiolfpau6gthjwgwgg2qdlh7jbo14btm2ipuypec-yshmzy_2bjpf_zl043xgec1v6skohayt8zx7rzbfsoe-lvcqtzw9pzftdy5twywioo9mxbebjv8vkwu4jqvwkdzje3mdn0_xoylbvmu2h-nzubznetfj0t=s320.2]
[blogger.googleusercontent.com/images/avvxsehtii7yzdlx2x40tvcwaviqloubywgvpvix_lyjjikvydmqeath2obr-cl2vyh-3pe42-afk0v1mkrspc4yzbtahq-w_ogpkmjevngklxlow0zfhfbcf6yeylctpxldeaptr_-sraysnlvdytv7esc6a3mmhkv6eh91md58km5hizaqtrdljcwaae5i=s320.2]
[blogger.googleusercontent.com/images/avvxsehtii7yzdlx2x40tvcwaviqloubywgvpvix_lyjjikvydmqeath2obr-cl2vyh-3pe42-afk0v1mkrspc4yzbtahq-w_ogpkmjevngklxlow0zfhfbcf6yeylctpxldeaptr_-sraysnlvdytv7esc6a3mmhkv6eh91md58km5hizaqtrdljcwaae5i=s7484]
[blogger.googleusercontent.com/images/1 - chelsea_source_code-3400.29b.delayed]
[blogger.googleusercontent.com/images/avvxseijqqxrkwjiqixxh456bljhe6j0ryhdrmnxi-r6lsfhqcjnq9ow_pacv5rd98fvgioctrlz0can2jwy1zyg6o6j11sq4aoqst-zulbn0bhcveu2boac6qlflliuso3jop4g9mtacd99p_xrr6k0mlmya3mlqaog7ky_jwhj9geq63no5ek8ah8fkzdd=s3334]
[blogger.googleusercontent.com/images/avvxseijqqxrkwjiqixxh456bljhe6j0ryhdrmnxi-r6lsfhqcjnq9ow_pacv5rd98fvgioctrlz0can2jwy1zyg6o6j11sq4aoqst-zulbn0bhcveu2boac6qlflliuso3jop4g9mtacd99p_xrr6k0mlmya3mlqaog7ky_jwhj9geq63no5ek8ah8fkzdd=s320.2]
[blogger.googleusercontent.com/images/avvxsegec95t_i-lbqf9gcfqyhcieorgz9bi13ufpsiv85f6c8bbuwqoq3iloaijx7wlu4aep24q1fssrpckiq5ifx8dajrrsb2zpoqy57vm6t3wpsenm8-rhfhe2ybfq3xlchceoumvhwoyh0n6ih-8jp3_62pskjlc8aqwdnimnqovcprr8-y2orwngz5l=s640.2]
[blogger.googleusercontent.com/images/2 - result-fermat-1380.jpg]
[blogger.googleusercontent.com/images/avvxsegec95t_i-lbqf9gcfqyhcieorgz9bi13ufpsiv85f6c8bbuwqoq3iloaijx7wlu4aep24q1fssrpckiq5ifx8dajrrsb2zpoqy57vm6t3wpsenm8-rhfhe2ybfq3xlchceoumvhwoyh0n6ih-8jp3_62pskjlc8aqwdnimnqovcprr8-y2orwngz5l=s320.2]
[blogger.googleusercontent.com/images/2 - result-fermat-1381.jpg]
[blogger.googleusercontent.com/images/7 - torque_and_percolation.jpeg]
[blogger.googleusercontent.com/images/7 - torque_and_percolation-2.jpeg]
[blogger.googleusercontent.com/images/8 - sabine-collage-new.jpg]
[blogger.googleusercontent.com/images/8 - sabine-collage-new-2.jpg]
[blogger.googleusercontent.com/images/4 -  page-1-2-3-4-5.jpeg]
[blogger.googleusercontent.com/images/4 -  page-1-2-3-4-6.jpeg]
[blogger.googleusercontent.com/images/3 - jane_templeton_prize_screenshot.jpeg]
[blogger.googleusercontent.com/images/3 - jane_templeton_prize_screenshot-2.jpeg]
[www.pastnotes82.tk/html/notes-on-progress-by-government.html]
[www.pastnotes82.tk/html/my-research-contribution.html]
[blogger.googleusercontent.com/images/avvxsehja0igtbiaozlonutx9jedz_jj7cie4kvjhh6v1plzm-thrjdklrjkri7bhwxmjkx_yh8iwzkhm52r_sp3fjy3crjbdokjlqtet5kea5qbclbobgy3pcl8flsvwx-x8cvj2tjqtykivsumn_zzh0st8glt6jmtififbunuttrbahem8ucvj1tsixnq=s640.2]
[blogger.googleusercontent.com/images/avvxsehja0igtbiaozlonutx9jedz_jj7cie4kvjhh6v1plzm-thrjdklrjkri7bhwxmjkx_yh8iwzkhm52r_sp3fjy3crjbdokjlqtet5kea5qbclbobgy3pcl8flsvwx-x8cvj2tjqtykivsumn_zzh0st8glt6jmtififbunuttrbahem8ucvj1tsixnq=w194-h]
[blogger.googleusercontent.com/images/avvxsejnlzb9bhfsgkqfutt6m_uovzpuzmitr4j-lmwq3uofkc1mjpqi9v-2lnvgqdv9p8ijojqjm38mrum1n5cz_pen8neiyfvsb_h29ed6y555bkvh5uabby8evgrypzcjkd7po2akkzlmurnbvmebnf8lzmpntogzmhfzpgxgqco4n9cztvth51kkavjy=s1585]
[blogger.googleusercontent.com/images/avvxsejnlzb9bhfsgkqfutt6m_uovzpuzmitr4j-lmwq3uofkc1mjpqi9v-2lnvgqdv9p8ijojqjm38mrum1n5cz_pen8neiyfvsb_h29ed6y555bkvh5uabby8evgrypzcjkd7po2akkzlmurnbvmebnf8lzmpntogzmhfzpgxgqco4n9cztvth51kkavjy=w79-h2]
[blogger.googleusercontent.com/images/avvxsegfzm5ybfgbhhqfdalv3swlmrvfgj39m9dsg2kmgdwqb6ubqlug8oubl_soeuypx4ewilwe0vqheen6ublrfmynjxnilnops1juzaied8gy9pyhkvfkxrojzmcfa2wa3b6luyp0tc4i72mubqry74vbzo3dr1g6arobtbov7wjkas3po7nxai3yv0ze=s2048]
[www.pastnotes82.tk/html/goog_230403471-2.html]
[www.pastnotes82.tk/html/regarding-basilisk-in-basel-switzerland.html]
[www.pastnotes82.tk/html/geometric-series-proof-of-convergence.html]
[blogger.googleusercontent.com/images/avvxsegfzm5ybfgbhhqfdalv3swlmrvfgj39m9dsg2kmgdwqb6ubqlug8oubl_soeuypx4ewilwe0vqheen6ublrfmynjxnilnops1juzaied8gy9pyhkvfkxrojzmcfa2wa3b6luyp0tc4i72mubqry74vbzo3dr1g6arobtbov7wjkas3po7nxai3yv0ze=w400-h]
[blogger.googleusercontent.com/images/avvxsejpufpih5x-nf7amgydd-c61ryopjcshgv41f-qssjlxdg0gaew2hyrjmxxvjgyjr1xxxljlvformlumlbtajajxbvxxunlyz0khxbfyegt_axpgwmogcj20xj6xne_zxwmjjkt9yupu3wf-q1n6l-ylneml2wxh7iwvrje5wsyr9e3szrkfgynygvl=s4134]
[www.pastnotes82.tk/html/searchc54b.html]
[blogger.googleusercontent.com/images/avvxsejpufpih5x-nf7amgydd-c61ryopjcshgv41f-qssjlxdg0gaew2hyrjmxxvjgyjr1xxxljlvformlumlbtajajxbvxxunlyz0khxbfyegt_axpgwmogcj20xj6xne_zxwmjjkt9yupu3wf-q1n6l-ylneml2wxh7iwvrje5wsyr9e3szrkfgynygvl=w120-h]
[1.bp.blogspot.com/images/matilda.jpg]
[1.bp.blogspot.com/images/matilda-2.jpg]
[1.bp.blogspot.com/images/shehas.jpg]
[1.bp.blogspot.com/images/shehas-2.jpg]
[blogger.googleusercontent.com/images/avvxsegmiwp-kkiw2haswcjht09b__pqjrzianqawjob-1ewlqwb9tagfohy12us8zonhnwqfkkamkyhy0atrtivz_-jtwfalogd4n3m2cjqv3hhkmsr4oj63aiktpdp2z_9bidlboyoyd8csxgujfobnvwxmczpqoulkzvji1ay9rtkvjledqtdsugs-kzk=s4134]
[blogger.googleusercontent.com/images/avvxsegmiwp-kkiw2haswcjht09b__pqjrzianqawjob-1ewlqwb9tagfohy12us8zonhnwqfkkamkyhy0atrtivz_-jtwfalogd4n3m2cjqv3hhkmsr4oj63aiktpdp2z_9bidlboyoyd8csxgujfobnvwxmczpqoulkzvji1ay9rtkvjledqtdsugs-kzk=w120-h]
[blogger.googleusercontent.com/images/avvxsegnfefh4yg5oyxnlouh-edd4avcr3xomoap58h5oneluzrp34ba_wnwpank0lxwan0g3xjmj4ablblzqvajw8ysspb8yiucehgxiygkbwejnklnsbc3tq8b_fur5vktp5vuo5ypoif7lwogbdte4cedsjpun-2vbmlxkjhfp29wvjnnhurgmx3c_afd=s4134]
[1.bp.blogspot.com/images/justine_shapiro.jpg]
[blogger.googleusercontent.com/images/avvxsegnfefh4yg5oyxnlouh-edd4avcr3xomoap58h5oneluzrp34ba_wnwpank0lxwan0g3xjmj4ablblzqvajw8ysspb8yiucehgxiygkbwejnklnsbc3tq8b_fur5vktp5vuo5ypoif7lwogbdte4cedsjpun-2vbmlxkjhfp29wvjnnhurgmx3c_afd=w120-h]
[1.bp.blogspot.com/images/justine_shapiro-2.jpg]
[1.bp.blogspot.com/images/mbcell.jpg]
[blogger.googleusercontent.com/images/avvxsegzlolwmneytu0b9cezpjumhxnynl26idzo830i4c7rp-4d3ouphgtk2hknfdwxwjj7oto7ps83mbwy--lbi_g0roco4weeunikpdaw9caxvjnrvuyc5m3lwiwhu7tltz9irnnzdli8k-1dvfeppbzenzkd83df0zyf7nisujfnl9mjx7rqpbsynj_3=w120-h]
[blogger.googleusercontent.com/images/avvxsegzlolwmneytu0b9cezpjumhxnynl26idzo830i4c7rp-4d3ouphgtk2hknfdwxwjj7oto7ps83mbwy--lbi_g0roco4weeunikpdaw9caxvjnrvuyc5m3lwiwhu7tltz9irnnzdli8k-1dvfeppbzenzkd83df0zyf7nisujfnl9mjx7rqpbsynj_3=s4134]
[1.bp.blogspot.com/images/mbcell.2e9.delayed]
[blogger.googleusercontent.com/images/avvxseh4ctdyobgzmcecru2juogntm3pfun7stap3qn3snjdeuyktzqoiqqyhurfdtbr79o-bh9d85sjjil20risq9hjuavvwiijm7y3urlsp3djn4ddk2uh_gow0snnb7yh44nwzobsfjgixz348j4nzbcenwmgmk-nghl7eno_yemsooei_yebygyom3o6=w120-h]
[blogger.googleusercontent.com/images/avvxseh4ctdyobgzmcecru2juogntm3pfun7stap3qn3snjdeuyktzqoiqqyhurfdtbr79o-bh9d85sjjil20risq9hjuavvwiijm7y3urlsp3djn4ddk2uh_gow0snnb7yh44nwzobsfjgixz348j4nzbcenwmgmk-nghl7eno_yemsooei_yebygyom3o6=s4134]
[blogger.googleusercontent.com/images/avvxsei4xsftrs4ujuf5jvrwskw4qervm_gq792ufmkj83y3tbrr-qdmtjrb1tt0hmesphijvq6d4_mufbkbmdsqeaqf-xcximnsvvnq6b16ftbvn1a76bksy_tou2us_hl5ma7wwhvdha2nvzeydltdpshvybwhncfx7h_b3znfwgmpqwrxijmd5rxa_ifp=s4134]
[1.bp.blogspot.com/images/alice_roberts_goth.jpeg]
[blogger.googleusercontent.com/images/avvxsei4xsftrs4ujuf5jvrwskw4qervm_gq792ufmkj83y3tbrr-qdmtjrb1tt0hmesphijvq6d4_mufbkbmdsqeaqf-xcximnsvvnq6b16ftbvn1a76bksy_tou2us_hl5ma7wwhvdha2nvzeydltdpshvybwhncfx7h_b3znfwgmpqwrxijmd5rxa_ifp=w120-h]
[1.bp.blogspot.com/images/alice_roberts_goth-2.jpeg]
[1.bp.blogspot.com/images/social_circle.jpg]
[1.bp.blogspot.com/images/social_circle-2.jpg]
[blogger.googleusercontent.com/images/avvxseg5uqzte2yqxhdxiuht-sanb5zrockaw_jffa_xjyixqveoobpx2pobyh98bxwtgatlbtpg4yhjkwa2fouiejkgnudrn0zr7zqqc1t39f881a3jzjsobfcc63vr5risrujkcm0mzzk4ldxgoam_drrzocn45jusz0goxrbjjn6l-ybuxhxc89t7owhx=w120-h]
[blogger.googleusercontent.com/images/avvxseg5uqzte2yqxhdxiuht-sanb5zrockaw_jffa_xjyixqveoobpx2pobyh98bxwtgatlbtpg4yhjkwa2fouiejkgnudrn0zr7zqqc1t39f881a3jzjsobfcc63vr5risrujkcm0mzzk4ldxgoam_drrzocn45jusz0goxrbjjn6l-ybuxhxc89t7owhx=s4134]
[blogger.googleusercontent.com/images/avvxseivyjzjls_9bwspkguff6y5iobzwsn5c2cfqulqstexpf2yplkqbphi6rpyxhurdhl2tm8qxsb25xl5j2dh6vhpah7rfr7vyflh0ewei4rvjt4uyixbyhehgtvm1cnuaultmtbuwge67x1teaxledvnohnn-_x8nfswutfxlmwjx_qe3h515pm8tgoe=s4134]
[1.bp.blogspot.com/images/forrest_gump_road_melinda.jpg]
[blogger.googleusercontent.com/images/avvxseivyjzjls_9bwspkguff6y5iobzwsn5c2cfqulqstexpf2yplkqbphi6rpyxhurdhl2tm8qxsb25xl5j2dh6vhpah7rfr7vyflh0ewei4rvjt4uyixbyhehgtvm1cnuaultmtbuwge67x1teaxledvnohnn-_x8nfswutfxlmwjx_qe3h515pm8tgoe=w120-h]
[1.bp.blogspot.com/images/forrest_gump_road_melinda-2.jpg]
[1.bp.blogspot.com/images/innovation.2f0.delayed]
[blogger.googleusercontent.com/images/avvxseg-ofbfcco3bwqei8olp78uj7zggbwiasl75xmwdqpomohod29db9iypzvghygrkhgwwlerdhzopyb1el80qcztttf4ekikdqh8fqjz4y6c6nrj4wqg0aumjrrvhovomuda2wku5xrnyutcbwyaiztq0hycuai1oiiztcot306bqjor8zf3nvctjyzf=s4134]
[1.bp.blogspot.com/images/innovation-4.jpeg]
[1.bp.blogspot.com/images/r_hamming.jpg]
[blogger.googleusercontent.com/images/avvxseg-ofbfcco3bwqei8olp78uj7zggbwiasl75xmwdqpomohod29db9iypzvghygrkhgwwlerdhzopyb1el80qcztttf4ekikdqh8fqjz4y6c6nrj4wqg0aumjrrvhovomuda2wku5xrnyutcbwyaiztq0hycuai1oiiztcot306bqjor8zf3nvctjyzf=w120-h]
[blogger.googleusercontent.com/images/avvxsehryeh_byakdimat2prvy__fj-ghqwv8a9oqembxjiulx1qjketnf-1hzg1l5rhjdzr1nlefhclfts8ervdl63voffj5yelvyt_fj-xexdcacruqurjhf1htriquqy9jmnesvc-r9dtoaab2vk1-4zyhx8o2bzcawx-yn-_sqrtgd9a7si9aborcim_=w120-h]
[1.bp.blogspot.com/images/r_hamming-2.jpg]
[blogger.googleusercontent.com/images/avvxsehryeh_byakdimat2prvy__fj-ghqwv8a9oqembxjiulx1qjketnf-1hzg1l5rhjdzr1nlefhclfts8ervdl63voffj5yelvyt_fj-xexdcacruqurjhf1htriquqy9jmnesvc-r9dtoaab2vk1-4zyhx8o2bzcawx-yn-_sqrtgd9a7si9aborcim_=s4134]
[blogger.googleusercontent.com/images/avvxsehtyvozadcw4_c0tbqlsqjyrzx3jesjvixezhmmrynlnxte9p7m5z5m9pq6dtntci5xmzvhnon79dj9vabztp6npzaujq3vg3drfw1uwq8edvp9cc_nzaoziqzqx02fuxiyj0roimljkhhlyelbph6b_dted9gr91eyoyhkxccxajcjq-qxdaffm6-b=s4134]
[blogger.googleusercontent.com/images/avvxsehtyvozadcw4_c0tbqlsqjyrzx3jesjvixezhmmrynlnxte9p7m5z5m9pq6dtntci5xmzvhnon79dj9vabztp6npzaujq3vg3drfw1uwq8edvp9cc_nzaoziqzqx02fuxiyj0roimljkhhlyelbph6b_dted9gr91eyoyhkxccxajcjq-qxdaffm6-b=w120-h]
[1.bp.blogspot.com/images/c_r_dawkins.2f4.delayed]
[blogger.googleusercontent.com/images/avvxseijwcliwlts6ezamzp-d0mmdsqt0jzm5am7owleqqzgch21xmjjxwaudgbvrp0xp-mlggy49ev6h4ggkzcvmhissapyvdm-g8l_caiyagmga0verumgk4ddphzuh_wepb8nqkrvtndbz6zbohi1qdwatr9ffrnczmvrbahvtxlx60bljcpj6brwbnb3=s4134]
[1.bp.blogspot.com/images/c_r_dawkins-2.jpg]
[1.bp.blogspot.com/images/st_babies-420x0.jpg]
[blogger.googleusercontent.com/images/avvxsehl3sl20j0ikvvx4y_a6aj0hhnmvk2rtcvrqilv-qeowgpmrglj5idqyup5lpzhd-p7yep49vvubvkpfuzq2fnj8urkqbo6-_8bepd82uynu-d_-u2s1nqtvs564dkwljjo-xytrvft6_wlicjcggszbxp7h1gvi69cey40hjjguujsrwtddvffjvon=s4134]
[1.bp.blogspot.com/images/st_babies-420x0-2.jpg]
[blogger.googleusercontent.com/images/avvxseijwcliwlts6ezamzp-d0mmdsqt0jzm5am7owleqqzgch21xmjjxwaudgbvrp0xp-mlggy49ev6h4ggkzcvmhissapyvdm-g8l_caiyagmga0verumgk4ddphzuh_wepb8nqkrvtndbz6zbohi1qdwatr9ffrnczmvrbahvtxlx60bljcpj6brwbnb3=w120-h]
[blogger.googleusercontent.com/images/avvxsehl3sl20j0ikvvx4y_a6aj0hhnmvk2rtcvrqilv-qeowgpmrglj5idqyup5lpzhd-p7yep49vvubvkpfuzq2fnj8urkqbo6-_8bepd82uynu-d_-u2s1nqtvs564dkwljjo-xytrvft6_wlicjcggszbxp7h1gvi69cey40hjjguujsrwtddvffjvon=w120-h]
[1.bp.blogspot.com/images/qwe._grub.jpeg]
[blogger.googleusercontent.com/images/avvxseil5t157sdrzqwsktp6d6k4ri1mc4h58qmnk9y2hkjy5bbu2qc8_ae0wgnynnste9uvn9kfzb7zug9wuhk7p3skqhqk5_rwvtl1sa4z9slw9tgjrihy30olfbfe3dj9ucfbof9l0qfqvmfynt6_0s4qymmha3nlo8trc1sob0esjuxlfkhw-cklfe0b=s4134]
[1.bp.blogspot.com/images/qwe._grub-2.jpeg]
[1.bp.blogspot.com/images/bob_hawke.jpeg]
[1.bp.blogspot.com/images/bob_hawke-2.jpeg]
[1.bp.blogspot.com/images/bob_hawke_letter.jpeg]
[blogger.googleusercontent.com/images/avvxseil5t157sdrzqwsktp6d6k4ri1mc4h58qmnk9y2hkjy5bbu2qc8_ae0wgnynnste9uvn9kfzb7zug9wuhk7p3skqhqk5_rwvtl1sa4z9slw9tgjrihy30olfbfe3dj9ucfbof9l0qfqvmfynt6_0s4qymmha3nlo8trc1sob0esjuxlfkhw-cklfe0b=w120-h]
[1.bp.blogspot.com/images/bob_hawke_letter-2.jpeg]
[blogger.googleusercontent.com/images/avvxsehsdspycphhk7or3py90clawcolbzcnyfqqrnyrriflwddzlfbvsprooarrapsuysuftzmil1zupcy8-xg7-y23cdmdwk72wpenlcimpqnxjhs6du1z_mhmq5romcrhlts94zlwhs3kcuw_eggk_h7ithc9ekgqf3_lnhyqyf3qmhys-5xyzuy3jobs=s4134]
[blogger.googleusercontent.com/images/avvxsehsdspycphhk7or3py90clawcolbzcnyfqqrnyrriflwddzlfbvsprooarrapsuysuftzmil1zupcy8-xg7-y23cdmdwk72wpenlcimpqnxjhs6du1z_mhmq5romcrhlts94zlwhs3kcuw_eggk_h7ithc9ekgqf3_lnhyqyf3qmhys-5xyzuy3jobs=w120-h]
[blogger.googleusercontent.com/images/avvxseju5fp6usesiakpuphmccgvjdyz8e5oikekkaudzynakhdktshzfxususwou7fsilgluyo2tjf6acfzdujhaclmsy8r4o90k6a5etpg5jemyhv6qmhanvneccwlxpsg8j1009fu1kxbabplfrcy7cpuoskmkqm2e-kq3yv4ohnnkdnbayjgtblan7b0=w120-h]
[blogger.googleusercontent.com/images/avvxseju5fp6usesiakpuphmccgvjdyz8e5oikekkaudzynakhdktshzfxususwou7fsilgluyo2tjf6acfzdujhaclmsy8r4o90k6a5etpg5jemyhv6qmhanvneccwlxpsg8j1009fu1kxbabplfrcy7cpuoskmkqm2e-kq3yv4ohnnkdnbayjgtblan7b0=s4134]
[1.bp.blogspot.com/images/outputname-1.png]
[blogger.googleusercontent.com/images/avvxsehx2vcoivag6k_xe22a-hh1h8ouhtnlfu5bhcivijwdjxrxhg_keqcsjbudblt0z14xdx9sdzh-3sc_wk16ode0bgltnwytyhxunm003dvaoecwcxrrfqtminxk48qigj0mx13amssg463calocmmwuj9repiejer8w0-4emeouoj256jipmfrhmq9n=w120-h]
[blogger.googleusercontent.com/images/avvxseg5ipoklx14ndksdwbzhputugu1bttx3yxscek1oipo50g9hdgp5fzrqaij61l-wuk6llvrv4xkjovy3r21lxjfl5gm28zwr0a8mrpzeusmqa7tnrjv1p3h_jmyxmu5awjrnb02reuu4kkxhs2jecx91iw88ikhvf90ja3glrw-jidjrrmgteecur7u=s4134]
[blogger.googleusercontent.com/images/avvxsehx2vcoivag6k_xe22a-hh1h8ouhtnlfu5bhcivijwdjxrxhg_keqcsjbudblt0z14xdx9sdzh-3sc_wk16ode0bgltnwytyhxunm003dvaoecwcxrrfqtminxk48qigj0mx13amssg463calocmmwuj9repiejer8w0-4emeouoj256jipmfrhmq9n=s4134]
[1.bp.blogspot.com/images/outputname-2.png]
[1.bp.blogspot.com/images/screen1-5.jpg]
[1.bp.blogspot.com/images/screen1-6.jpg]
[blogger.googleusercontent.com/images/avvxseg5ipoklx14ndksdwbzhputugu1bttx3yxscek1oipo50g9hdgp5fzrqaij61l-wuk6llvrv4xkjovy3r21lxjfl5gm28zwr0a8mrpzeusmqa7tnrjv1p3h_jmyxmu5awjrnb02reuu4kkxhs2jecx91iw88ikhvf90ja3glrw-jidjrrmgteecur7u=w120-h]
[1.bp.blogspot.com/images/screen2-3.jpg]
[blogger.googleusercontent.com/images/avvxsei-p71u0cfc9nowtt5w0e4tnxm_otl7lnyu8od6lhiycwom0lcugbbykvljpaqhdtxofzyomdr3e6amvfssrnzy6i4dxpc4spy0drm_ye1xgwingy_g4w59u2_iokzy8mtyq9kbcymxcushf7mkldtao7jlhljvxcb7v7jl8hkh-2kkbhhyfyyhxo2f=w120-h]
[blogger.googleusercontent.com/images/avvxsei-p71u0cfc9nowtt5w0e4tnxm_otl7lnyu8od6lhiycwom0lcugbbykvljpaqhdtxofzyomdr3e6amvfssrnzy6i4dxpc4spy0drm_ye1xgwingy_g4w59u2_iokzy8mtyq9kbcymxcushf7mkldtao7jlhljvxcb7v7jl8hkh-2kkbhhyfyyhxo2f=s4134]
[1.bp.blogspot.com/images/screen2-4.jpg]
[blogger.googleusercontent.com/images/avvxsej0vmwba_ipnmju_p_0xf-s0pcm1adxtz4nrcz1e_kzibgv3nqp6lukzqcduvt1oz21lat3n_v1halobnldycwuwuj7w2icdrchtr3n-fw42gkpoecez7ws8sokzjxbeo5ekg6gwrcthjz1yf239-1h27jc0m08wdohiavh5j7g1_hh_fgj9n84aa0i=s4134]
[1.bp.blogspot.com/images/screen3-3.jpg]
[1.bp.blogspot.com/images/screen3-4.jpg]
[1.bp.blogspot.com/images/screen4.jpg]
[1.bp.blogspot.com/images/screen4-2.jpg]
[www.pastnotes82.tk/html/my-notes.html]
[blogger.googleusercontent.com/images/avvxsej0vmwba_ipnmju_p_0xf-s0pcm1adxtz4nrcz1e_kzibgv3nqp6lukzqcduvt1oz21lat3n_v1halobnldycwuwuj7w2icdrchtr3n-fw42gkpoecez7ws8sokzjxbeo5ekg6gwrcthjz1yf239-1h27jc0m08wdohiavh5j7g1_hh_fgj9n84aa0i=w120-h]
[www.pastnotes82.tk/html/hello-hope-you-are-doing-well-to-julia.html]
[blogger.googleusercontent.com/images/avvxsejqxe5a2r3kyp8_frowjefw4qsivici-hbtr6tgbxvxbxx0_sjryk6avwdbaiiyxh52o7cgszgtirzlgqguxao1mlxe2powqzsm2gvuntvxqieopweaw6zsmz2qs2ri8umrrhv5kcurmqqajkqr6ekb5ojrzna60acykpioxicdvpa9y1jdjs7rhsd_=s4134]
[blogger.googleusercontent.com/images/avvxsejqxe5a2r3kyp8_frowjefw4qsivici-hbtr6tgbxvxbxx0_sjryk6avwdbaiiyxh52o7cgszgtirzlgqguxao1mlxe2powqzsm2gvuntvxqieopweaw6zsmz2qs2ri8umrrhv5kcurmqqajkqr6ekb5ojrzna60acykpioxicdvpa9y1jdjs7rhsd_=w120-h]
[www.pastnotes82.tk/html/scientific-american-article-social.html]
[blogger.googleusercontent.com/images/avvxsehb-onqvghbmzwonfhfdncyysaz2_xn-xsj3nsphkrnq9qkdfz2vlo6llbubzltmajgouqzwgtisyjx_kcf08zklwj8bjqdgmbp1wc11scbh5jhpfvnbkqiy8xhc01_kaftacuetumr1pkgya1fcw6vwek-mxfwoehbc4vg9belt2ftid1s80gadnai=s4134]
[www.pastnotes82.tk/html/about-funding.html]
[blogger.googleusercontent.com/images/avvxsehb-onqvghbmzwonfhfdncyysaz2_xn-xsj3nsphkrnq9qkdfz2vlo6llbubzltmajgouqzwgtisyjx_kcf08zklwj8bjqdgmbp1wc11scbh5jhpfvnbkqiy8xhc01_kaftacuetumr1pkgya1fcw6vwek-mxfwoehbc4vg9belt2ftid1s80gadnai=w120-h]
[www.pastnotes82.tk/html/regarding-family.html]
[blogger.googleusercontent.com/images/avvxsegpy-hqovuvz-7kp4ukqfdj19fioshllq-sjakyuhll_bjbqhebevxykxrxfkwdyw2zi_w1wo-rhxrsi5-is356krj1owaek5zfrzwcyzqdsokmzji3of8waguf1-s5rbvkpsanu3uyw2c6s_ni6tgnneiz3vjzstp86dzrhyiwtnrnsob1ryd6ljpf=s4134]
[blogger.googleusercontent.com/images/avvxsegpy-hqovuvz-7kp4ukqfdj19fioshllq-sjakyuhll_bjbqhebevxykxrxfkwdyw2zi_w1wo-rhxrsi5-is356krj1owaek5zfrzwcyzqdsokmzji3of8waguf1-s5rbvkpsanu3uyw2c6s_ni6tgnneiz3vjzstp86dzrhyiwtnrnsob1ryd6ljpf=w120-h]
[www.pastnotes82.tk/html/firstly-most-important-value-in-any.html]
[blogger.googleusercontent.com/images/avvxsehqnvkc9no7maxozrrddaqysjkvwwksu7slabdpb4nor3trlf8awq-jyhfhhdpetu5mqxxosk_wiukphmrb3mnoftp7ob-tbbeinzjq1iuo_dlhgekgskawfyxvkahg8hw1wopqgzm2lf89zfgbz1idoovlasjzjcl896snvrqvetnwwrcdhm_mf5cq=s4134]
[www.pastnotes82.tk/html/httpsen.html]
[blogger.googleusercontent.com/images/avvxsehqnvkc9no7maxozrrddaqysjkvwwksu7slabdpb4nor3trlf8awq-jyhfhhdpetu5mqxxosk_wiukphmrb3mnoftp7ob-tbbeinzjq1iuo_dlhgekgskawfyxvkahg8hw1wopqgzm2lf89zfgbz1idoovlasjzjcl896snvrqvetnwwrcdhm_mf5cq=w120-h]
[www.pastnotes82.tk/html/origin-of-species.html]
[www.pastnotes82.tk/html/regarding-molecular-biology-of-cell.html]
[blogger.googleusercontent.com/images/avvxseisowmvllgpsr1fcixkjmmi5eettu35nchbucwik5i2g_jnamr1c9uilbfh6umbqyzhmb7m9mwlkuvc6skuohkdf8bojsrvbox4zhuu6gvcyaegdgktilfirw50snlprtq64mi-krnebh_weztmcsbtbmv3gn0pdlgvror0oosf9bjy3yi0zivdg-6w=w120-h]
[blogger.googleusercontent.com/images/avvxseisowmvllgpsr1fcixkjmmi5eettu35nchbucwik5i2g_jnamr1c9uilbfh6umbqyzhmb7m9mwlkuvc6skuohkdf8bojsrvbox4zhuu6gvcyaegdgktilfirw50snlprtq64mi-krnebh_weztmcsbtbmv3gn0pdlgvror0oosf9bjy3yi0zivdg-6w=s4134]
[www.pastnotes82.tk/html/some-saved-shell-script-tidbits.html]
[blogger.googleusercontent.com/images/avvxsehmwkapij2pbqvkhchgfcwbvio9ddifj8gpx1tqeh5lieofoe70scvso9ssosvphaipo51od-ytfqhhzmvydipeibycgvtcnc8rutrraiyksce0et5esxggn6wpjq8nxvkzurcsqy9xhxhu-ztl6qselsugt3i8yrtw-6ee1rcvffwkiycgbaknte8w=s4134]
[www.pastnotes82.tk/html/about-narcissists.html]
[blogger.googleusercontent.com/images/avvxsehmwkapij2pbqvkhchgfcwbvio9ddifj8gpx1tqeh5lieofoe70scvso9ssosvphaipo51od-ytfqhhzmvydipeibycgvtcnc8rutrraiyksce0et5esxggn6wpjq8nxvkzurcsqy9xhxhu-ztl6qselsugt3i8yrtw-6ee1rcvffwkiycgbaknte8w=w120-h]
[www.pastnotes82.tk/html/about-this-blog_5.html]
[blogger.googleusercontent.com/images/avvxsehlvtm4x7vmldv2xrhobbkyenfl-kioossykdahsz3vreg-lo3tpyjqiwep-ayufitxbhj196eav6k1dapwyppbvomzpf3_48xq4obbf-9jw8nyqlm8uvlrojgq0iryyeznex9pyzovv5ibbxa450eer36tdqmmru-bq46mimuiibofudye7mlzuac8=s6450]
[blogger.googleusercontent.com/images/avvxsehlvtm4x7vmldv2xrhobbkyenfl-kioossykdahsz3vreg-lo3tpyjqiwep-ayufitxbhj196eav6k1dapwyppbvomzpf3_48xq4obbf-9jw8nyqlm8uvlrojgq0iryyeznex9pyzovv5ibbxa450eer36tdqmmru-bq46mimuiibofudye7mlzuac8=w784-h]
[1.bp.blogspot.com/images/flexible approaches may encourage more people to use clean cookstoves-1.jpg]
[1.bp.blogspot.com/images/flexible approaches may encourage more people to use clean cookstoves-2.jpg]
[1.bp.blogspot.com/images/george h. w. bush - wikiquote-01.jpg]
[1.bp.blogspot.com/images/george h. w. bush - wikiquote-2.jpg]
[1.bp.blogspot.com/images/george h. w. bush - wikiquote-02.jpg]
[1.bp.blogspot.com/images/george h. w. bush - wikiquote-3.jpg]
[1.bp.blogspot.com/images/george h. w. bush - wikiquote-03.jpg]
[1.bp.blogspot.com/images/george h. w. bush - wikiquote-4.jpg]
[1.bp.blogspot.com/images/george h. w. bush - wikiquote-04.jpg]
[1.bp.blogspot.com/images/george h. w. bush - wikiquote-5.jpg]
[1.bp.blogspot.com/images/george h. w. bush - wikiquote-05.jpg]
[1.bp.blogspot.com/images/george h. w. bush - wikiquote-6.jpg]
[1.bp.blogspot.com/images/george h. w. bush - wikiquote-06.jpg]
[1.bp.blogspot.com/images/george h. w. bush - wikiquote-7.jpg]
[1.bp.blogspot.com/images/george h. w. bush - wikiquote-07.jpg]
[1.bp.blogspot.com/images/george h. w. bush - wikiquote-8.jpg]
[1.bp.blogspot.com/images/george h. w. bush - wikiquote-08.jpg]
[1.bp.blogspot.com/images/george h. w. bush - wikiquote-9.jpg]
[1.bp.blogspot.com/images/george h. w. bush - wikiquote-09.jpg]
[1.bp.blogspot.com/images/george h. w. bush - wikiquote-10.jpg]
[1.bp.blogspot.com/images/george h. w. bush - wikiquote-11.jpg]
[1.bp.blogspot.com/images/george h. w. bush - wikiquote-12.jpg]
[1.bp.blogspot.com/images/star_treaty.jpeg]
[1.bp.blogspot.com/images/star_treaty-2.jpeg]
[1.bp.blogspot.com/images/speed_of_light-3.jpeg]
[1.bp.blogspot.com/images/speed_of_light-4.jpeg]
[1.bp.blogspot.com/images/grand_unified_theory-1.jpg]
[1.bp.blogspot.com/images/grand_unified_theory-2.jpg]
[1.bp.blogspot.com/images/rebecca-1.jpg]
[1.bp.blogspot.com/images/rebecca-2.jpg]
[1.bp.blogspot.com/images/supw_thesis-1.jpg]
[1.bp.blogspot.com/images/supw_thesis-2.jpg]
[1.bp.blogspot.com/images/supw_thesis_file-2.jpg]
[1.bp.blogspot.com/images/supw_thesis_file-3.jpg]
[www.pastnotes82.tk/html/finalizing-my-supw-thesis.html]
[www.pastnotes82.tk/images/==============================.32a.delayed]
[blogger.googleusercontent.com/images/avvxsegjn9oh8cn-zsox9g2hgp8aopd-lh055ofal4vu2zmposl3b4ebetcjyjn99p1lmxbr-l0nclljx_qfrstmgbdychky3n9ujs74abcb2ezomfvo4521tntlxeehcw0mlzj95owicj7j4eq17mxjaflaw8ht9ieaw-2jt96znqqtl8gf1l-_isoetyps=w154-h]
[blogger.googleusercontent.com/images/avvxseg52ssensgd-goacb-ft4-3_-svgjihz4lwbh3qfb5zsl6nsycyrndrqc6knmnvlbecngctmwvl92lo4b3-a7xnkzsme_hcbssieqbzwi2zblwt-ipejsdx4mj5cajzayu6wrcr__ysyeythewsmmqpljvfqifljdaizeqdlf7kozrgnhlk9ojq33lw=s3301]
[blogger.googleusercontent.com/images/avvxseg52ssensgd-goacb-ft4-3_-svgjihz4lwbh3qfb5zsl6nsycyrndrqc6knmnvlbecngctmwvl92lo4b3-a7xnkzsme_hcbssieqbzwi2zblwt-ipejsdx4mj5cajzayu6wrcr__ysyeythewsmmqpljvfqifljdaizeqdlf7kozrgnhlk9ojq33lw=w154-h]
[blogger.googleusercontent.com/images/avvxsegjn9oh8cn-zsox9g2hgp8aopd-lh055ofal4vu2zmposl3b4ebetcjyjn99p1lmxbr-l0nclljx_qfrstmgbdychky3n9ujs74abcb2ezomfvo4521tntlxeehcw0mlzj95owicj7j4eq17mxjaflaw8ht9ieaw-2jt96znqqtl8gf1l-_isoetyps=s3301]
[blogger.googleusercontent.com/images/mutations_3200_cancer_research_part1.jpg]
[blogger.googleusercontent.com/images/avvxsehz9uwyyk7riqbexlukwmojhmx_a4vwqf0grd-ev3xpb3ojbmpzhel2yzvu7-bzq4foe2h4ha4cctt3hfqnsdohjs4tde89bszyiilsh5_fcxzp3jxvkfzundmx-8dx-eb5bzbaefvtu2gqfm4uoyiet0f1tz-5qdjvvjjlaoxsryjxwlyz0y2hzwok=w154-h]
[blogger.googleusercontent.com/images/avvxsehz9uwyyk7riqbexlukwmojhmx_a4vwqf0grd-ev3xpb3ojbmpzhel2yzvu7-bzq4foe2h4ha4cctt3hfqnsdohjs4tde89bszyiilsh5_fcxzp3jxvkfzundmx-8dx-eb5bzbaefvtu2gqfm4uoyiet0f1tz-5qdjvvjjlaoxsryjxwlyz0y2hzwok=s3301]
[blogger.googleusercontent.com/images/mutations_3200_cancer_research_part1-2.jpg]
[blogger.googleusercontent.com/images/avvxseimof1cn3rzvvkxqibjfz6hszzl-wzrhztlq0fk5ethzrwi-mucsusf5bkxwbbv1vpvxzgb_azizn6utpwayypvf_dz-tfmlhe9z_bfrimy60vcqbienzok_h_0b0po7uuv81apdvcc0_tisccj7cuc6opzymjyq0j7ui9-ogxudhghyuvabioapfjb=w154-h]
[blogger.googleusercontent.com/images/avvxseimof1cn3rzvvkxqibjfz6hszzl-wzrhztlq0fk5ethzrwi-mucsusf5bkxwbbv1vpvxzgb_azizn6utpwayypvf_dz-tfmlhe9z_bfrimy60vcqbienzok_h_0b0po7uuv81apdvcc0_tisccj7cuc6opzymjyq0j7ui9-ogxudhghyuvabioapfjb=s3301]
[blogger.googleusercontent.com/images/avvxsejasfy5tlwsmj-gtipynjqvrsaitmp-n-sflh0sm58wvw1_obtjtzaehffjbyksjjaxkobwqxgvm-zekz24uwn-uj24tdry-b9dvtxbom2a_qu7hhln1s4kh2uhym9rael0vo10jdq_j9v7z62pb_pibflroh4b-9ykewe_reuzbw4aqygaatsi4-ke=s3301]
[blogger.googleusercontent.com/images/mutations_3200_cancer_research_part2.jpg]
[blogger.googleusercontent.com/images/avvxsejasfy5tlwsmj-gtipynjqvrsaitmp-n-sflh0sm58wvw1_obtjtzaehffjbyksjjaxkobwqxgvm-zekz24uwn-uj24tdry-b9dvtxbom2a_qu7hhln1s4kh2uhym9rael0vo10jdq_j9v7z62pb_pibflroh4b-9ykewe_reuzbw4aqygaatsi4-ke=w154-h]
[blogger.googleusercontent.com/images/mutations_3200_cancer_research_part2-2.jpg]
[blogger.googleusercontent.com/images/avvxsei_tyl2_igtybwy07qcq66fwncakzpekcrnfxc9ud1evc0sb6paesp3xj3mz-8stvzkusvq7j8lqht96y0g3la2tys6qs6ulmw6jtpqszdncowdm2l3yguy9cxwc6zohecqlmxa6efqfpjylheu4z1r2a8s8l3bnwr3rysgi1smxnlxhmbuxowqshaf=w154-h]
[blogger.googleusercontent.com/images/avvxsei_tyl2_igtybwy07qcq66fwncakzpekcrnfxc9ud1evc0sb6paesp3xj3mz-8stvzkusvq7j8lqht96y0g3la2tys6qs6ulmw6jtpqszdncowdm2l3yguy9cxwc6zohecqlmxa6efqfpjylheu4z1r2a8s8l3bnwr3rysgi1smxnlxhmbuxowqshaf=s3301]
[blogger.googleusercontent.com/images/avvxseh5-r1w_d9a5eosjjyzldsv_wmah9--rojrx5dla5eme5atg314agpqdhngfmaiykirvvo6m2smtjscxh3rvl915w8aacjnqcocor3fbqvkur07qo6mj7lnggv0yn3ffcxjhdwy3vej9tlbiamgy80styug4ktbsqcy0ygmz7anr7-ljczrz6umsptg.337.de]
[www.pastnotes82.tk/html/a-wave-equation-involving-chirality-and.html]
[blogger.googleusercontent.com/images/sabine_slide_awesome_new_general_relativity.jpg]
[blogger.googleusercontent.com/images/avvxsehxhu0pkdnjdpminozhy90_20cvdmglgf1knilikw2c9mnmjlaimji0vu5ay_cneibuocasfkv0ra06chtuo7_frkkokipcmmgljdog3kv02mvrgy4cw_ltpsvurewqxsmy_ffggk4y1f3faqnpr4dfkkr-geuorna_adwgrj0jqu_wt5hfsg3dk6vt.338.de]
[blogger.googleusercontent.com/images/avvxsehs2y82otfexqlt9vxxzp5iqfzthsh55nlqnqurh9awpcppg-d0jekkespfu8d8d5fevu4hezylkx-zjpws-vu-77lq4goh6bciqjci022i70mcnocl3y0nzirmky2jf77ekoffenh_uzrq-x9kq2n6vmk-4fdqyl4fjbwpyztuyk_r1kmxufmykcg7.33a.de]
[blogger.googleusercontent.com/images/avvxsehxhu0pkdnjdpminozhy90_20cvdmglgf1knilikw2c9mnmjlaimji0vu5ay_cneibuocasfkv0ra06chtuo7_frkkokipcmmgljdog3kv02mvrgy4cw_ltpsvurewqxsmy_ffggk4y1f3faqnpr4dfkkr-geuorna_adwgrj0jqu_wt5hfsg3dk6vt=w200-h]
[blogger.googleusercontent.com/images/avvxsehs2y82otfexqlt9vxxzp5iqfzthsh55nlqnqurh9awpcppg-d0jekkespfu8d8d5fevu4hezylkx-zjpws-vu-77lq4goh6bciqjci022i70mcnocl3y0nzirmky2jf77ekoffenh_uzrq-x9kq2n6vmk-4fdqyl4fjbwpyztuyk_r1kmxufmykcg7=w178-h]
[blogger.googleusercontent.com/images/sabine_slide_awesome_new_general_relativity-2.jpg]
[blogger.googleusercontent.com/images/avvxseidmudqgndgrjmtol3lcujyfua8njnqv_53d142zo0y-i-f9twbqpgkz1mi6vfgd8zwlw6bmwppi8lsjodb1genenisl0l_o0ik9pccis2mlhu62wgcn7e911vbeuxy-hmrptir-kbejghgp6rnlxm0ve08no3li5lvaxumr-af_by99gmftcemgeef=w179-h]
[blogger.googleusercontent.com/images/avvxseidmudqgndgrjmtol3lcujyfua8njnqv_53d142zo0y-i-f9twbqpgkz1mi6vfgd8zwlw6bmwppi8lsjodb1genenisl0l_o0ik9pccis2mlhu62wgcn7e911vbeuxy-hmrptir-kbejghgp6rnlxm0ve08no3li5lvaxumr-af_by99gmftcemgeef.33c.de]
[blogger.googleusercontent.com/images/avvxsehkb5u9bu04d3e4xaalgyvucwkzs2lg1iwwtwk5bswvzajcstdebvkklx_mmdkvhzv003yiqnr9fb9v51hth4d8gmdgd2rna3sjzych9yruin_gzdskkgkedgqmjhshlk8pdanrymsdzum7zgeqaocjasf-en7c0ili0okp2lbhbht9a8kkwkqe4tth.33e.de]
[blogger.googleusercontent.com/images/0029-0043-4up-1.jpg]
[blogger.googleusercontent.com/images/avvxsehkb5u9bu04d3e4xaalgyvucwkzs2lg1iwwtwk5bswvzajcstdebvkklx_mmdkvhzv003yiqnr9fb9v51hth4d8gmdgd2rna3sjzych9yruin_gzdskkgkedgqmjhshlk8pdanrymsdzum7zgeqaocjasf-en7c0ili0okp2lbhbht9a8kkwkqe4tth=w228-h]
[blogger.googleusercontent.com/images/0029-0043-4up-2.jpg]
[blogger.googleusercontent.com/images/0029-0043-4up-3.jpg]
[blogger.googleusercontent.com/images/0029-0043-4up-4.jpg]
[blogger.googleusercontent.com/images/0029-0043-4up-5.jpg]
[blogger.googleusercontent.com/images/0029-0043-4up-6.jpg]
[blogger.googleusercontent.com/images/0029-0043-4up-7.jpg]
[www.pastnotes82.tk/html/about-galaxyrotationproblem_4.html]
[www.pastnotes82.tk/html/==============================.html]
[blogger.googleusercontent.com/images/0029-0043-4up-8.jpg]
